Component: ARM Compiler 5.06 update 7 (build 960) Tool: armlink [4d3601]

==============================================================================

Section Cross References

    startup_stm32h750xx.o(STACK) refers (Special) to heapauxi.o(.text) for __use_two_region_memory
    startup_stm32h750xx.o(HEAP) refers (Special) to heapauxi.o(.text) for __use_two_region_memory
    startup_stm32h750xx.o(RESET) refers (Special) to heapauxi.o(.text) for __use_two_region_memory
    startup_stm32h750xx.o(RESET) refers to startup_stm32h750xx.o(STACK) for __initial_sp
    startup_stm32h750xx.o(RESET) refers to startup_stm32h750xx.o(.text) for Reset_Handler
    startup_stm32h750xx.o(RESET) refers to stm32h7xx_it.o(i.NMI_Handler) for NMI_Handler
    startup_stm32h750xx.o(RESET) refers to stm32h7xx_it.o(i.HardFault_Handler) for HardFault_Handler
    startup_stm32h750xx.o(RESET) refers to stm32h7xx_it.o(i.MemManage_Handler) for MemManage_Handler
    startup_stm32h750xx.o(RESET) refers to stm32h7xx_it.o(i.BusFault_Handler) for BusFault_Handler
    startup_stm32h750xx.o(RESET) refers to stm32h7xx_it.o(i.UsageFault_Handler) for UsageFault_Handler
    startup_stm32h750xx.o(RESET) refers to stm32h7xx_it.o(i.SVC_Handler) for SVC_Handler
    startup_stm32h750xx.o(RESET) refers to stm32h7xx_it.o(i.DebugMon_Handler) for DebugMon_Handler
    startup_stm32h750xx.o(RESET) refers to stm32h7xx_it.o(i.PendSV_Handler) for PendSV_Handler
    startup_stm32h750xx.o(RESET) refers to stm32h7xx_it.o(i.SysTick_Handler) for SysTick_Handler
    startup_stm32h750xx.o(RESET) refers to stm32h7xx_it.o(i.I2C1_EV_IRQHandler) for I2C1_EV_IRQHandler
    startup_stm32h750xx.o(RESET) refers to stm32h7xx_it.o(i.USART1_IRQHandler) for USART1_IRQHandler
    startup_stm32h750xx.o(RESET) refers to stm32h7xx_it.o(i.USART2_IRQHandler) for USART2_IRQHandler
    startup_stm32h750xx.o(RESET) refers to stm32h7xx_it.o(i.USART3_IRQHandler) for USART3_IRQHandler
    startup_stm32h750xx.o(RESET) refers to stm32h7xx_it.o(i.TIM7_IRQHandler) for TIM7_IRQHandler
    startup_stm32h750xx.o(.text) refers (Special) to heapauxi.o(.text) for __use_two_region_memory
    startup_stm32h750xx.o(.text) refers to system_stm32h7xx.o(i.SystemInit) for SystemInit
    startup_stm32h750xx.o(.text) refers to __main.o(!!!main) for __main
    startup_stm32h750xx.o(.text) refers to startup_stm32h750xx.o(HEAP) for Heap_Mem
    startup_stm32h750xx.o(.text) refers to startup_stm32h750xx.o(STACK) for Stack_Mem
    main.o(i.SystemClock_Config) refers to rt_memclr_w.o(.text) for __aeabi_memclr4
    main.o(i.SystemClock_Config) refers to stm32h7xx_hal_pwr_ex.o(i.HAL_PWREx_ConfigSupply) for HAL_PWREx_ConfigSupply
    main.o(i.SystemClock_Config) refers to stm32h7xx_hal_rcc.o(i.HAL_RCC_OscConfig) for HAL_RCC_OscConfig
    main.o(i.SystemClock_Config) refers to stm32h7xx_hal_rcc.o(i.HAL_RCC_ClockConfig) for HAL_RCC_ClockConfig
    main.o(i.main) refers to stm32h7xx_hal.o(i.HAL_Init) for HAL_Init
    main.o(i.main) refers to delay.o(i.delay_init) for delay_init
    main.o(i.main) refers to main.o(i.SystemClock_Config) for SystemClock_Config
    main.o(i.main) refers to gpio.o(i.MX_GPIO_Init) for MX_GPIO_Init
    main.o(i.main) refers to tim.o(i.MX_TIM2_Init) for MX_TIM2_Init
    main.o(i.main) refers to tim.o(i.MX_TIM3_Init) for MX_TIM3_Init
    main.o(i.main) refers to tim.o(i.MX_TIM5_Init) for MX_TIM5_Init
    main.o(i.main) refers to tim.o(i.MX_TIM7_Init) for MX_TIM7_Init
    main.o(i.main) refers to usart.o(i.MX_USART2_UART_Init) for MX_USART2_UART_Init
    main.o(i.main) refers to usart.o(i.MX_USART1_UART_Init) for MX_USART1_UART_Init
    main.o(i.main) refers to usart.o(i.MX_USART3_UART_Init) for MX_USART3_UART_Init
    main.o(i.main) refers to pid.o(i.PID_PARA_Init) for PID_PARA_Init
    main.o(i.main) refers to delay.o(i.delay_ms) for delay_ms
    gpio.o(i.MX_GPIO_Init) refers to rt_memclr_w.o(.text) for __aeabi_memclr4
    gpio.o(i.MX_GPIO_Init) refers to stm32h7xx_hal_gpio.o(i.HAL_GPIO_WritePin) for HAL_GPIO_WritePin
    gpio.o(i.MX_GPIO_Init) refers to stm32h7xx_hal_gpio.o(i.HAL_GPIO_Init) for HAL_GPIO_Init
    tim.o(i.HAL_TIM_Base_MspDeInit) refers to stm32h7xx_hal_cortex.o(i.HAL_NVIC_DisableIRQ) for HAL_NVIC_DisableIRQ
    tim.o(i.HAL_TIM_Base_MspInit) refers to stm32h7xx_hal_cortex.o(i.HAL_NVIC_SetPriority) for HAL_NVIC_SetPriority
    tim.o(i.HAL_TIM_Base_MspInit) refers to stm32h7xx_hal_cortex.o(i.HAL_NVIC_EnableIRQ) for HAL_NVIC_EnableIRQ
    tim.o(i.HAL_TIM_Encoder_MspDeInit) refers to stm32h7xx_hal_gpio.o(i.HAL_GPIO_DeInit) for HAL_GPIO_DeInit
    tim.o(i.HAL_TIM_Encoder_MspInit) refers to rt_memclr_w.o(.text) for __aeabi_memclr4
    tim.o(i.HAL_TIM_Encoder_MspInit) refers to stm32h7xx_hal_gpio.o(i.HAL_GPIO_Init) for HAL_GPIO_Init
    tim.o(i.HAL_TIM_MspPostInit) refers to rt_memclr_w.o(.text) for __aeabi_memclr4
    tim.o(i.HAL_TIM_MspPostInit) refers to stm32h7xx_hal_gpio.o(i.HAL_GPIO_Init) for HAL_GPIO_Init
[...]
    .ARM.Collect$$libshutdown$$0000000C      0x08000316   Section        0  libshutdown2.o(.ARM.Collect$$libshutdown$$0000000C)
    .ARM.Collect$$libshutdown$$0000000E      0x08000316   Section        0  libshutdown2.o(.ARM.Collect$$libshutdown$$0000000E)
    .ARM.Collect$$libshutdown$$00000011      0x08000316   Section        0  libshutdown2.o(.ARM.Collect$$libshutdown$$00000011)
    .ARM.Collect$$libshutdown$$00000012      0x08000316   Section        2  libshutdown2.o(.ARM.Collect$$libshutdown$$00000012)
    .ARM.Collect$$rtentry$$00000000          0x08000318   Section        0  __rtentry.o(.ARM.Collect$$rtentry$$00000000)
    .ARM.Collect$$rtentry$$00000002          0x08000318   Section        0  __rtentry2.o(.ARM.Collect$$rtentry$$00000002)
    .ARM.Collect$$rtentry$$00000004          0x08000318   Section        6  __rtentry4.o(.ARM.Collect$$rtentry$$00000004)
    .ARM.Collect$$rtentry$$00000009          0x0800031e   Section        0  __rtentry2.o(.ARM.Collect$$rtentry$$00000009)
    .ARM.Collect$$rtentry$$0000000A          0x0800031e   Section        4  __rtentry2.o(.ARM.Collect$$rtentry$$0000000A)
    .ARM.Collect$$rtentry$$0000000C          0x08000322   Section        0  __rtentry2.o(.ARM.Collect$$rtentry$$0000000C)
    .ARM.Collect$$rtentry$$0000000D          0x08000322   Section        8  __rtentry2.o(.ARM.Collect$$rtentry$$0000000D)
    .ARM.Collect$$rtexit$$00000000           0x0800032a   Section        2  rtexit.o(.ARM.Collect$$rtexit$$00000000)
    .ARM.Collect$$rtexit$$00000002           0x0800032c   Section        0  rtexit2.o(.ARM.Collect$$rtexit$$00000002)
    .ARM.Collect$$rtexit$$00000003           0x0800032c   Section        4  rtexit2.o(.ARM.Collect$$rtexit$$00000003)
    .ARM.Collect$$rtexit$$00000004           0x08000330   Section        6  rtexit2.o(.ARM.Collect$$rtexit$$00000004)
    .text                                    0x08000338   Section       64  startup_stm32h750xx.o(.text)
    $v0                                      0x08000338   Number         0  startup_stm32h750xx.o(.text)
    .text                                    0x08000378   Section      238  lludivv7m.o(.text)
    .text                                    0x08000466   Section       78  rt_memclr_w.o(.text)
    .text                                    0x080004b4   Section        0  heapauxi.o(.text)
    .text                                    0x080004bc   Section        8  libspace.o(.text)
    .text                                    0x080004c4   Section       74  sys_stackheap_outer.o(.text)
    .text                                    0x0800050e   Section        0  exit.o(.text)
    .text                                    0x08000520   Section        0  sys_exit.o(.text)
    .text                                    0x0800052c   Section        2  use_no_semi.o(.text)
    .text                                    0x0800052e   Section        0  indicate_semi.o(.text)
    i.BusFault_Handler                       0x0800052e   Section        0  stm32h7xx_it.o(i.BusFault_Handler)
    i.CopeSerial6Data                        0x08000530   Section        0  hwt101.o(i.CopeSerial6Data)
    i.DebugMon_Handler                       0x08000590   Section        0  stm32h7xx_it.o(i.DebugMon_Handler)
    i.Error_Handler                          0x08000592   Section        0  main.o(i.Error_Handler)
    i.HAL_DMA_Abort                          0x08000598   Section        0  stm32h7xx_hal_dma.o(i.HAL_DMA_Abort)
    i.HAL_DMA_Abort_IT                       0x080008f8   Section        0  stm32h7xx_hal_dma.o(i.HAL_DMA_Abort_IT)
    i.HAL_GPIO_Init                          0x08000b7c   Section        0  stm32h7xx_hal_gpio.o(i.HAL_GPIO_Init)
    i.HAL_GPIO_ReadPin                       0x08000da8   Section        0  stm32h7xx_hal_gpio.o(i.HAL_GPIO_ReadPin)
    i.HAL_GPIO_WritePin                      0x08000db2   Section        0  stm32h7xx_hal_gpio.o(i.HAL_GPIO_WritePin)
    i.HAL_GetREVID                           0x08000dbc   Section        0  stm32h7xx_hal.o(i.HAL_GetREVID)
    i.HAL_GetTick                            0x08000dc8   Section        0  stm32h7xx_hal.o(i.HAL_GetTick)
    i.HAL_I2C_EV_IRQHandler                  0x08000dd4   Section        0  stm32h7xx_hal_i2c.o(i.HAL_I2C_EV_IRQHandler)
    i.HAL_IncTick                            0x08000de4   Section        0  stm32h7xx_hal.o(i.HAL_IncTick)
    i.HAL_Init                               0x08000df4   Section        0  stm32h7xx_hal.o(i.HAL_Init)
    i.HAL_InitTick                           0x08000e50   Section        0  stm32h7xx_hal.o(i.HAL_InitTick)
    i.HAL_MspInit                            0x08000e90   Section        0  stm32h7xx_hal_msp.o(i.HAL_MspInit)
    i.HAL_NVIC_EnableIRQ                     0x08000eac   Section        0  stm32h7xx_hal_cortex.o(i.HAL_NVIC_EnableIRQ)
    i.HAL_NVIC_SetPriority                   0x08000ec8   Section        0  stm32h7xx_hal_cortex.o(i.HAL_NVIC_SetPriority)
    i.HAL_NVIC_SetPriorityGrouping           0x08000f08   Section        0  stm32h7xx_hal_cortex.o(i.HAL_NVIC_SetPriorityGrouping)
    i.HAL_PWREx_ConfigSupply                 0x08000f2c   Section        0  stm32h7xx_hal_pwr_ex.o(i.HAL_PWREx_ConfigSupply)
    i.HAL_RCCEx_GetD3PCLK1Freq               0x08000f80   Section        0  stm32h7xx_hal_rcc_ex.o(i.HAL_RCCEx_GetD3PCLK1Freq)
    i.HAL_RCCEx_GetPLL2ClockFreq             0x08000fa4   Section        0  stm32h7xx_hal_rcc_ex.o(i.HAL_RCCEx_GetPLL2ClockFreq)
    i.HAL_RCCEx_GetPLL3ClockFreq             0x080010e8   Section        0  stm32h7xx_hal_rcc_ex.o(i.HAL_RCCEx_GetPLL3ClockFreq)
    i.HAL_RCCEx_PeriphCLKConfig              0x0800122c   Section        0  stm32h7xx_hal_rcc_ex.o(i.HAL_RCCEx_PeriphCLKConfig)
    i.HAL_RCC_ClockConfig                    0x08001b00   Section        0  stm32h7xx_hal_rcc.o(i.HAL_RCC_ClockConfig)
    i.HAL_RCC_GetHCLKFreq                    0x08001d5c   Section        0  stm32h7xx_hal_rcc.o(i.HAL_RCC_GetHCLKFreq)
    i.HAL_RCC_GetPCLK1Freq                   0x08001da0   Section        0  stm32h7xx_hal_rcc.o(i.HAL_RCC_GetPCLK1Freq)
    i.HAL_RCC_GetPCLK2Freq                   0x08001dc4   Section        0  stm32h7xx_hal_rcc.o(i.HAL_RCC_GetPCLK2Freq)
    i.HAL_RCC_GetSysClockFreq                0x08001de8   Section        0  stm32h7xx_hal_rcc.o(i.HAL_RCC_GetSysClockFreq)
    i.HAL_RCC_OscConfig                      0x08001f20   Section        0  stm32h7xx_hal_rcc.o(i.HAL_RCC_OscConfig)
    i.HAL_SYSTICK_CLKSourceConfig            0x08002450   Section        0  stm32h7xx_hal_cortex.o(i.HAL_SYSTICK_CLKSourceConfig)
    i.HAL_SYSTICK_Config                     0x08002468   Section        0  stm32h7xx_hal_cortex.o(i.HAL_SYSTICK_Config)
    i.HAL_TIMEx_Break2Callback               0x0800248e   Section        0  stm32h7xx_hal_tim_ex.o(i.HAL_TIMEx_Break2Callback)
    i.HAL_TIMEx_BreakCallback                0x08002490   Section        0  stm32h7xx_hal_tim_ex.o(i.HAL_TIMEx_BreakCallback)
    i.HAL_TIMEx_CommutCallback               0x08002492   Section        0  stm32h7xx_hal_tim_ex.o(i.HAL_TIMEx_CommutCallback)
    i.HAL_TIMEx_MasterConfigSynchronization  0x08002494   Section        0  stm32h7xx_hal_tim_ex.o(i.HAL_TIMEx_MasterConfigSynchronization)
    i.HAL_TIM_Base_Init                      0x08002538   Section        0  stm32h7xx_hal_tim.o(i.HAL_TIM_Base_Init)
    i.HAL_TIM_Base_MspInit                   0x0800259c   Section        0  tim.o(i.HAL_TIM_Base_MspInit)
    i.HAL_TIM_Base_Start_IT                  0x080025d8   Section        0  stm32h7xx_hal_tim.o(i.HAL_TIM_Base_Start_IT)
    i.HAL_TIM_Encoder_Init                   0x08002664   Section        0  stm32h7xx_hal_tim.o(i.HAL_TIM_Encoder_Init)
    i.HAL_TIM_Encoder_MspInit                0x08002720   Section        0  tim.o(i.HAL_TIM_Encoder_MspInit)
    i.HAL_TIM_Encoder_Start                  0x080027e8   Section        0  stm32h7xx_hal_tim.o(i.HAL_TIM_Encoder_Start)
    i.HAL_TIM_IC_CaptureCallback             0x08002876   Section        0  stm32h7xx_hal_tim.o(i.HAL_TIM_IC_CaptureCallback)
    i.HAL_TIM_IRQHandler                     0x08002878   Section        0  stm32h7xx_hal_tim.o(i.HAL_TIM_IRQHandler)
    i.HAL_TIM_MspPostInit                    0x080029fc   Section        0  tim.o(i.HAL_TIM_MspPostInit)
    i.HAL_TIM_OC_DelayElapsedCallback        0x08002a4c   Section        0  stm32h7xx_hal_tim.o(i.HAL_TIM_OC_DelayElapsedCallback)
    i.HAL_TIM_PWM_ConfigChannel              0x08002a4e   Section        0  stm32h7xx_hal_tim.o(i.HAL_TIM_PWM_ConfigChannel)
    i.HAL_TIM_PWM_Init                       0x08002b72   Section        0  stm32h7xx_hal_tim.o(i.HAL_TIM_PWM_Init)
    i.HAL_TIM_PWM_MspInit                    0x08002bd4   Section        0  tim.o(i.HAL_TIM_PWM_MspInit)
    i.HAL_TIM_PWM_PulseFinishedCallback      0x08002bfc   Section        0  stm32h7xx_hal_tim.o(i.HAL_TIM_PWM_PulseFinishedCallback)
    i.HAL_TIM_PWM_Start                      0x08002c00   Section        0  stm32h7xx_hal_tim.o(i.HAL_TIM_PWM_Start)
    i.HAL_TIM_PeriodElapsedCallback          0x08002d10   Section        0  motor_1.o(i.HAL_TIM_PeriodElapsedCallback)
    i.HAL_TIM_TriggerCallback                0x08002d5c   Section        0  stm32h7xx_hal_tim.o(i.HAL_TIM_TriggerCallback)
    i.HAL_UARTEx_DisableFifoMode             0x08002d5e   Section        0  stm32h7xx_hal_uart_ex.o(i.HAL_UARTEx_DisableFifoMode)
    i.HAL_UARTEx_RxEventCallback             0x08002d9e   Section        0  stm32h7xx_hal_uart.o(i.HAL_UARTEx_RxEventCallback)
    i.HAL_UARTEx_RxFifoFullCallback          0x08002da0   Section        0  stm32h7xx_hal_uart_ex.o(i.HAL_UARTEx_RxFifoFullCallback)
    i.HAL_UARTEx_SetRxFifoThreshold          0x08002da2   Section        0  stm32h7xx_hal_uart_ex.o(i.HAL_UARTEx_SetRxFifoThreshold)
    i.HAL_UARTEx_SetTxFifoThreshold          0x08002dee   Section        0  stm32h7xx_hal_uart_ex.o(i.HAL_UARTEx_SetTxFifoThreshold)
    i.HAL_UARTEx_TxFifoEmptyCallback         0x08002e3a   Section        0  stm32h7xx_hal_uart_ex.o(i.HAL_UARTEx_TxFifoEmptyCallback)
    i.HAL_UARTEx_WakeupCallback              0x08002e3c   Section        0  stm32h7xx_hal_uart_ex.o(i.HAL_UARTEx_WakeupCallback)
    i.HAL_UART_ErrorCallback                 0x08002e3e   Section        0  stm32h7xx_hal_uart.o(i.HAL_UART_ErrorCallback)
    i.HAL_UART_IRQHandler                    0x08002e40   Section        0  stm32h7xx_hal_uart.o(i.HAL_UART_IRQHandler)
    i.HAL_UART_Init                          0x080031a0   Section        0  stm32h7xx_hal_uart.o(i.HAL_UART_Init)
    i.HAL_UART_MspInit                       0x0800320c   Section        0  usart.o(i.HAL_UART_MspInit)
    i.HAL_UART_Receive_IT                    0x080033dc   Section        0  stm32h7xx_hal_uart.o(i.HAL_UART_Receive_IT)
    i.HAL_UART_RxCpltCallback                0x08003430   Section        0  stm32h7xx_it.o(i.HAL_UART_RxCpltCallback)
    i.HAL_UART_TxCpltCallback                0x080034ec   Section        0  stm32h7xx_hal_uart.o(i.HAL_UART_TxCpltCallback)
    i.HardFault_Handler                      0x080034ee   Section        0  stm32h7xx_it.o(i.HardFault_Handler)
    i.I2C1_EV_IRQHandler                     0x080034f0   Section        0  stm32h7xx_it.o(i.I2C1_EV_IRQHandler)
    i.Incremental_PI_1                       0x080034fc   Section        0  pid.o(i.Incremental_PI_1)
    i.Incremental_PI_2                       0x080035dc   Section        0  pid.o(i.Incremental_PI_2)
    i.MOTOR1_Frun                            0x080036bc   Section        0  motor_1.o(i.MOTOR1_Frun)
    i.MOTOR1_Rrun                            0x080036dc   Section        0  motor_1.o(i.MOTOR1_Rrun)
    i.MOTOR2_Frun                            0x080036fc   Section        0  motor_1.o(i.MOTOR2_Frun)
    i.MOTOR2_Rrun                            0x0800371c   Section        0  motor_1.o(i.MOTOR2_Rrun)
    i.MX_GPIO_Init                           0x0800373c   Section        0  gpio.o(i.MX_GPIO_Init)
    i.MX_TIM2_Init                           0x0800384c   Section        0  tim.o(i.MX_TIM2_Init)
    i.MX_TIM3_Init                           0x080038c4   Section        0  tim.o(i.MX_TIM3_Init)
    i.MX_TIM5_Init                           0x08003934   Section        0  tim.o(i.MX_TIM5_Init)
    i.MX_TIM7_Init                           0x080039cc   Section        0  tim.o(i.MX_TIM7_Init)
    i.MX_USART1_UART_Init                    0x08003a28   Section        0  usart.o(i.MX_USART1_UART_Init)
    i.MX_USART2_UART_Init                    0x08003a98   Section        0  usart.o(i.MX_USART2_UART_Init)
    i.MX_USART3_UART_Init                    0x08003b10   Section        0  usart.o(i.MX_USART3_UART_Init)
    i.MemManage_Handler                      0x08003b88   Section        0  stm32h7xx_it.o(i.MemManage_Handler)
    i.NMI_Handler                            0x08003b8a   Section        0  stm32h7xx_it.o(i.NMI_Handler)
    i.PID_PARA_Init                          0x08003b8c   Section        0  pid.o(i.PID_PARA_Init)
    i.PS2_ClearData                          0x08003be4   Section        0  ps2.o(i.PS2_ClearData)
    i.PS2_Cmd                                0x08003bfc   Section        0  ps2.o(i.PS2_Cmd)
    i.PS2_ReadData                           0x08003ca0   Section        0  ps2.o(i.PS2_ReadData)
    i.PS2_Receive                            0x08003d6c   Section        0  ps2.o(i.PS2_Receive)
    i.PendSV_Handler                         0x08003e00   Section        0  stm32h7xx_it.o(i.PendSV_Handler)
    i.RCCEx_PLL2_Config                      0x08003e04   Section        0  stm32h7xx_hal_rcc_ex.o(i.RCCEx_PLL2_Config)
    RCCEx_PLL2_Config                        0x08003e05   Thumb Code   284  stm32h7xx_hal_rcc_ex.o(i.RCCEx_PLL2_Config)
    i.RCCEx_PLL3_Config                      0x08003f24   Section        0  stm32h7xx_hal_rcc_ex.o(i.RCCEx_PLL3_Config)
    RCCEx_PLL3_Config                        0x08003f25   Thumb Code   284  stm32h7xx_hal_rcc_ex.o(i.RCCEx_PLL3_Config)
    i.Read_Encoder_M1                        0x08004044   Section        0  motor_1.o(i.Read_Encoder_M1)
    i.Read_Encoder_M2                        0x0800406c   Section        0  motor_1.o(i.Read_Encoder_M2)
    i.SVC_Handler                            0x08004094   Section        0  stm32h7xx_it.o(i.SVC_Handler)
    i.Set_PWM_Wheel                          0x08004098   Section        0  motor_1.o(i.Set_PWM_Wheel)
    i.SysTick_Handler                        0x080040d8   Section        0  stm32h7xx_it.o(i.SysTick_Handler)
    i.SystemClock_Config                     0x080040dc   Section        0  main.o(i.SystemClock_Config)
    i.SystemInit                             0x0800418c   Section        0  system_stm32h7xx.o(i.SystemInit)
    i.TIM7_IRQHandler                        0x08004268   Section        0  stm32h7xx_it.o(i.TIM7_IRQHandler)
    i.TIM_Base_SetConfig                     0x08004274   Section        0  stm32h7xx_hal_tim.o(i.TIM_Base_SetConfig)
    i.TIM_CCxChannelCmd                      0x08004338   Section        0  stm32h7xx_hal_tim.o(i.TIM_CCxChannelCmd)
    i.TIM_OC1_SetConfig                      0x08004354   Section        0  stm32h7xx_hal_tim.o(i.TIM_OC1_SetConfig)
    TIM_OC1_SetConfig                        0x08004355   Thumb Code   142  stm32h7xx_hal_tim.o(i.TIM_OC1_SetConfig)
    i.TIM_OC2_SetConfig                      0x080043fc   Section        0  stm32h7xx_hal_tim.o(i.TIM_OC2_SetConfig)
    i.TIM_OC3_SetConfig                      0x08004494   Section        0  stm32h7xx_hal_tim.o(i.TIM_OC3_SetConfig)
    TIM_OC3_SetConfig                        0x08004495   Thumb Code   126  stm32h7xx_hal_tim.o(i.TIM_OC3_SetConfig)
    i.TIM_OC4_SetConfig                      0x0800452c   Section        0  stm32h7xx_hal_tim.o(i.TIM_OC4_SetConfig)
    TIM_OC4_SetConfig                        0x0800452d   Thumb Code    94  stm32h7xx_hal_tim.o(i.TIM_OC4_SetConfig)
    i.TIM_OC5_SetConfig                      0x080045a4   Section        0  stm32h7xx_hal_tim.o(i.TIM_OC5_SetConfig)
    TIM_OC5_SetConfig                        0x080045a5   Thumb Code    92  stm32h7xx_hal_tim.o(i.TIM_OC5_SetConfig)
    i.TIM_OC6_SetConfig                      0x08004618   Section        0  stm32h7xx_hal_tim.o(i.TIM_OC6_SetConfig)
    TIM_OC6_SetConfig                        0x08004619   Thumb Code    92  stm32h7xx_hal_tim.o(i.TIM_OC6_SetConfig)
    i.UARTEx_SetNbDataToProcess              0x0800468c   Section        0  stm32h7xx_hal_uart_ex.o(i.UARTEx_SetNbDataToProcess)
    UARTEx_SetNbDataToProcess                0x0800468d   Thumb Code    62  stm32h7xx_hal_uart_ex.o(i.UARTEx_SetNbDataToProcess)
    i.UART_AdvFeatureConfig                  0x080046d0   Section        0  stm32h7xx_hal_uart.o(i.UART_AdvFeatureConfig)
    i.UART_CheckIdleState                    0x08004798   Section        0  stm32h7xx_hal_uart.o(i.UART_CheckIdleState)
    i.UART_DMAAbortOnError                   0x080047f8   Section        0  stm32h7xx_hal_uart.o(i.UART_DMAAbortOnError)
    UART_DMAAbortOnError                     0x080047f9   Thumb Code    20  stm32h7xx_hal_uart.o(i.UART_DMAAbortOnError)
    i.UART_EndRxTransfer                     0x0800480c   Section        0  stm32h7xx_hal_uart.o(i.UART_EndRxTransfer)
    UART_EndRxTransfer                       0x0800480d   Thumb Code    78  stm32h7xx_hal_uart.o(i.UART_EndRxTransfer)
    i.UART_RxISR_16BIT                       0x08004860   Section        0  stm32h7xx_hal_uart.o(i.UART_RxISR_16BIT)
    UART_RxISR_16BIT                         0x08004861   Thumb Code   162  stm32h7xx_hal_uart.o(i.UART_RxISR_16BIT)
    i.UART_RxISR_16BIT_FIFOEN                0x08004904   Section        0  stm32h7xx_hal_uart.o(i.UART_RxISR_16BIT_FIFOEN)
    UART_RxISR_16BIT_FIFOEN                  0x08004905   Thumb Code   364  stm32h7xx_hal_uart.o(i.UART_RxISR_16BIT_FIFOEN)
    i.UART_RxISR_8BIT                        0x08004a78   Section        0  stm32h7xx_hal_uart.o(i.UART_RxISR_8BIT)
    UART_RxISR_8BIT                          0x08004a79   Thumb Code   162  stm32h7xx_hal_uart.o(i.UART_RxISR_8BIT)
    i.UART_RxISR_8BIT_FIFOEN                 0x08004b1c   Section        0  stm32h7xx_hal_uart.o(i.UART_RxISR_8BIT_FIFOEN)
    UART_RxISR_8BIT_FIFOEN                   0x08004b1d   Thumb Code   364  stm32h7xx_hal_uart.o(i.UART_RxISR_8BIT_FIFOEN)
    i.UART_SetConfig                         0x08004c90   Section        0  stm32h7xx_hal_uart.o(i.UART_SetConfig)
    i.UART_Start_Receive_IT                  0x0800503c   Section        0  stm32h7xx_hal_uart.o(i.UART_Start_Receive_IT)
    i.UART_WaitOnFlagUntilTimeout            0x08005154   Section        0  stm32h7xx_hal_uart.o(i.UART_WaitOnFlagUntilTimeout)
    i.USART1_IRQHandler                      0x08005220   Section        0  stm32h7xx_it.o(i.USART1_IRQHandler)
    i.USART2_IRQHandler                      0x0800522c   Section        0  stm32h7xx_it.o(i.USART2_IRQHandler)
    i.USART3_IRQHandler                      0x08005238   Section        0  stm32h7xx_it.o(i.USART3_IRQHandler)
    i.UsageFault_Handler                     0x08005244   Section        0  stm32h7xx_it.o(i.UsageFault_Handler)
    i.__NVIC_SetPriority                     0x08005246   Section        0  stm32h7xx_hal_cortex.o(i.__NVIC_SetPriority)
    __NVIC_SetPriority                       0x08005247   Thumb Code    34  stm32h7xx_hal_cortex.o(i.__NVIC_SetPriority)
    i.delay_init                             0x08005268   Section        0  delay.o(i.delay_init)
    i.delay_ms                               0x0800527c   Section        0  delay.o(i.delay_ms)
    i.delay_us                               0x080052b4   Section        0  delay.o(i.delay_us)
    i.main                                   0x080052e8   Section        0  main.o(i.main)
    x$fpl$fpinit                             0x08005326   Section       10  fpinit.o(x$fpl$fpinit)
    $v0                                      0x08005326   Number         0  fpinit.o(x$fpl$fpinit)
    .constdata                               0x08005330   Section       24  stm32h7xx_hal_uart.o(.constdata)
    .constdata                               0x08005348   Section       16  stm32h7xx_hal_uart_ex.o(.constdata)
    numerator                                0x08005348   Data           8  stm32h7xx_hal_uart_ex.o(.constdata)
    denominator                              0x08005350   Data           8  stm32h7xx_hal_uart_ex.o(.constdata)
    .constdata                               0x08005358   Section       16  system_stm32h7xx.o(.constdata)
    .data                                    0x24000000   Section       12  stm32h7xx_hal.o(.data)
    .data                                    0x2400000c   Section        8  system_stm32h7xx.o(.data)
    .data                                    0x24000014   Section        4  delay.o(.data)
    g_fac_us                                 0x24000014   Data           4  delay.o(.data)
    .data                                    0x24000018   Section       32  motor_1.o(.data)
    .data                                    0x24000038   Section       40  ps2.o(.data)
    .data                                    0x24000060   Section       30  hwt101.o(.data)
    .bss                                     0x24000080   Section      304  tim.o(.bss)
    .bss                                     0x240001b0   Section      768  usart.o(.bss)
    .bss                                     0x240004b0   Section       76  i2c.o(.bss)
    .bss                                     0x240004fc   Section      224  pid.o(.bss)
    .bss                                     0x240005dc   Section       30  ps2.o(.bss)
    .bss                                     0x240005fc   Section       96  libspace.o(.bss)
    HEAP                                     0x24000660   Section      512  startup_stm32h750xx.o(HEAP)
    Heap_Mem                                 0x24000660   Data         512  startup_stm32h750xx.o(HEAP)
    STACK                                    0x24000860   Section     1024  startup_stm32h750xx.o(STACK)
    Stack_Mem                                0x24000860   Data        1024  startup_stm32h750xx.o(STACK)
    __initial_sp                             0x24000c60   Data           0  startup_stm32h750xx.o(STACK)

    Global Symbols

    Symbol Name                              Value     Ov Type        Size  Object(Section)

    BuildAttributes$$THM_ISAv4$E$P$D$K$B$S$7EM$VFPv5_D16$PE$PLD8$A:L22UL41UL21$X:L11$S22US41US21$IEEE1$IW$USESV6$~STKCKD$USESV7$~SHL$OTIME$ROPI$IEEEJ$EBA8$UX$STANDARDLIB$REQ8$PRES8$EABIv2 0x00000000   Number         0  anon$$obj.o ABSOLUTE
    __ARM_use_no_argv                        0x00000000   Number         0  main.o ABSOLUTE
    __ARM_exceptions_init                     - Undefined Weak Reference
    __alloca_initialize                       - Undefined Weak Reference
    __arm_fini_                               - Undefined Weak Reference
    __arm_preinit_                            - Undefined Weak Reference
    __cpp_initialize__aeabi_                  - Undefined Weak Reference
    __cxa_finalize                            - Undefined Weak Reference
    __rt_locale                               - Undefined Weak Reference
    __sigvec_lookup                           - Undefined Weak Reference
    _atexit_init                              - Undefined Weak Reference
    _call_atexit_fns                          - Undefined Weak Reference
    _clock_init                               - Undefined Weak Reference
    _fp_trap_init                             - Undefined Weak Reference
    _fp_trap_shutdown                         - Undefined Weak Reference
    _get_lc_collate                           - Undefined Weak Reference
    _get_lc_ctype                             - Undefined Weak Reference
    _get_lc_monetary                          - Undefined Weak Reference
    _get_lc_numeric                           - Undefined Weak Reference
    _get_lc_time                              - Undefined Weak Reference
    _getenv_init                              - Undefined Weak Reference
    _handle_redirection                       - Undefined Weak Reference
    _init_alloc                               - Undefined Weak Reference
    _init_user_alloc                          - Undefined Weak Reference
    _initio                                   - Undefined Weak Reference
    _rand_init                                - Undefined Weak Reference
    _signal_finish                            - Undefined Weak Reference
    _signal_init                              - Undefined Weak Reference
    _terminate_alloc                          - Undefined Weak Reference
    _terminate_user_alloc                     - Undefined Weak Reference
    _terminateio                              - Undefined Weak Reference
    __Vectors_Size                           0x00000298   Number         0  startup_stm32h750xx.o ABSOLUTE
    __Vectors                                0x08000000   Data           4  startup_stm32h750xx.o(RESET)
    __Vectors_End                            0x08000298   Data           0  startup_stm32h750xx.o(RESET)
    __main                                   0x08000299   Thumb Code     8  __main.o(!!!main)
    __scatterload                            0x080002a1   Thumb Code     0  __scatter.o(!!!scatter)
    __scatterload_rt2                        0x080002a1   Thumb Code    44  __scatter.o(!!!scatter)
    __scatterload_rt2_thumb_only             0x080002a1   Thumb Code     0  __scatter.o(!!!scatter)
    __scatterload_null                       0x080002af   Thumb Code     0  __scatter.o(!!!scatter)
    __scatterload_copy                       0x080002d5   Thumb Code    26  __scatter_copy.o(!!handler_copy)
    __scatterload_zeroinit                   0x080002f1   Thumb Code    28  __scatter_zi.o(!!handler_zi)
    __rt_lib_init                            0x0800030d   Thumb Code     0  libinit.o(.ARM.Collect$$libinit$$00000000)
    __rt_lib_init_fp_1                       0x0800030f   Thumb Code     0  libinit2.o(.ARM.Collect$$libinit$$00000001)
    __rt_lib_init_alloca_1                   0x08000313   Thumb Code     0  libinit2.o(.ARM.Collect$$libinit$$0000002E)
    __rt_lib_init_argv_1                     0x08000313   Thumb Code     0  libinit2.o(.ARM.Collect$$libinit$$0000002C)
    __rt_lib_init_atexit_1                   0x08000313   Thumb Code     0  libinit2.o(.ARM.Collect$$libinit$$0000001B)
    __rt_lib_init_clock_1                    0x08000313   Thumb Code     0  libinit2.o(.ARM.Collect$$libinit$$00000021)
    __rt_lib_init_cpp_1                      0x08000313   Thumb Code     0  libinit2.o(.ARM.Collect$$libinit$$00000032)
    __rt_lib_init_exceptions_1               0x08000313   Thumb Code     0  libinit2.o(.ARM.Collect$$libinit$$00000030)
    __rt_lib_init_fp_trap_1                  0x08000313   Thumb Code     0  libinit2.o(.ARM.Collect$$libinit$$0000001F)
    __rt_lib_init_getenv_1                   0x08000313   Thumb Code     0  libinit2.o(.ARM.Collect$$libinit$$00000023)
    __rt_lib_init_heap_1                     0x08000313   Thumb Code     0  libinit2.o(.ARM.Collect$$libinit$$0000000A)
    __rt_lib_init_lc_collate_1               0x08000313   Thumb Code     0  libinit2.o(.ARM.Collect$$libinit$$00000011)
    __rt_lib_init_lc_ctype_1                 0x08000313   Thumb Code     0  libinit2.o(.ARM.Collect$$libinit$$00000013)
    __rt_lib_init_lc_monetary_1              0x08000313   Thumb Code     0  libinit2.o(.ARM.Collect$$libinit$$00000015)
    __rt_lib_init_lc_numeric_1               0x08000313   Thumb Code     0  libinit2.o(.ARM.Collect$$libinit$$00000017)
    __rt_lib_init_lc_time_1                  0x08000313   Thumb Code     0  libinit2.o(.ARM.Collect$$libinit$$00000019)
    __rt_lib_init_preinit_1                  0x08000313   Thumb Code     0  libinit2.o(.ARM.Collect$$libinit$$00000004)
    __rt_lib_init_rand_1                     0x08000313   Thumb Code     0  libinit2.o(.ARM.Collect$$libinit$$0000000E)
    __rt_lib_init_return                     0x08000313   Thumb Code     0  libinit2.o(.ARM.Collect$$libinit$$00000033)
    __rt_lib_init_signal_1                   0x08000313   Thumb Code     0  libinit2.o(.ARM.Collect$$libinit$$0000001D)
    __rt_lib_init_stdio_1                    0x08000313   Thumb Code     0  libinit2.o(.ARM.Collect$$libinit$$00000025)
    __rt_lib_init_user_alloc_1               0x08000313   Thumb Code     0  libinit2.o(.ARM.Collect$$libinit$$0000000C)
    __rt_lib_shutdown                        0x08000315   Thumb Code     0  libshutdown.o(.ARM.Collect$$libshutdown$$00000000)
    __rt_lib_shutdown_cpp_1                  0x08000317   Thumb Code     0  libshutdown2.o(.ARM.Collect$$libshutdown$$00000004)
    __rt_lib_shutdown_fini_1                 0x08000317   Thumb Code     0  libshutdown2.o(.ARM.Collect$$libshutdown$$00000002)
    __rt_lib_shutdown_fp_trap_1              0x08000317   Thumb Code     0  libshutdown2.o(.ARM.Collect$$libshutdown$$00000009)
    __rt_lib_shutdown_heap_1                 0x08000317   Thumb Code     0  libshutdown2.o(.ARM.Collect$$libshutdown$$00000011)
    __rt_lib_shutdown_return                 0x08000317   Thumb Code     0  libshutdown2.o(.ARM.Collect$$libshutdown$$00000012)
    __rt_lib_shutdown_signal_1               0x08000317   Thumb Code     0  libshutdown2.o(.ARM.Collect$$libshutdown$$0000000C)
    __rt_lib_shutdown_stdio_1                0x08000317   Thumb Code     0  libshutdown2.o(.ARM.Collect$$libshutdown$$00000006)
    __rt_lib_shutdown_user_alloc_1           0x08000317   Thumb Code     0  libshutdown2.o(.ARM.Collect$$libshutdown$$0000000E)
    __rt_entry                               0x08000319   Thumb Code     0  __rtentry.o(.ARM.Collect$$rtentry$$00000000)
    __rt_entry_presh_1                       0x08000319   Thumb Code     0  __rtentry2.o(.ARM.Collect$$rtentry$$00000002)
    __rt_entry_sh                            0x08000319   Thumb Code     0  __rtentry4.o(.ARM.Collect$$rtentry$$00000004)
    __rt_entry_li                            0x0800031f   Thumb Code     0  __rtentry2.o(.ARM.Collect$$rtentry$$0000000A)
    __rt_entry_postsh_1                      0x0800031f   Thumb Code     0  __rtentry2.o(.ARM.Collect$$rtentry$$00000009)
    __rt_entry_main                          0x08000323   Thumb Code     0  __rtentry2.o(.ARM.Collect$$rtentry$$0000000D)
    __rt_entry_postli_1                      0x08000323   Thumb Code     0  __rtentry2.o(.ARM.Collect$$rtentry$$0000000C)
    __rt_exit                                0x0800032b   Thumb Code     0  rtexit.o(.ARM.Collect$$rtexit$$00000000)
    __rt_exit_ls                             0x0800032d   Thumb Code     0  rtexit2.o(.ARM.Collect$$rtexit$$00000003)
    __rt_exit_prels_1                        0x0800032d   Thumb Code     0  rtexit2.o(.ARM.Collect$$rtexit$$00000002)
    __rt_exit_exit                           0x08000331   Thumb Code     0  rtexit2.o(.ARM.Collect$$rtexit$$00000004)
    Reset_Handler                            0x08000339   Thumb Code     8  startup_stm32h750xx.o(.text)
    ADC3_IRQHandler                          0x08000353   Thumb Code     0  startup_stm32h750xx.o(.text)
    ADC_IRQHandler                           0x08000353   Thumb Code     0  startup_stm32h750xx.o(.text)
    BDMA_Channel0_IRQHandler                 0x08000353   Thumb Code     0  startup_stm32h750xx.o(.text)
    BDMA_Channel1_IRQHandler                 0x08000353   Thumb Code     0  startup_stm32h750xx.o(.text)
    BDMA_Channel2_IRQHandler                 0x08000353   Thumb Code     0  startup_stm32h750xx.o(.text)
    BDMA_Channel3_IRQHandler                 0x08000353   Thumb Code     0  startup_stm32h750xx.o(.text)
    BDMA_Channel4_IRQHandler                 0x08000353   Thumb Code     0  startup_stm32h750xx.o(.text)
    BDMA_Channel5_IRQHandler                 0x08000353   Thumb Code     0  startup_stm32h750xx.o(.text)
    BDMA_Channel6_IRQHandler                 0x08000353   Thumb Code     0  startup_stm32h750xx.o(.text)
    BDMA_Channel7_IRQHandler                 0x08000353   Thumb Code     0  startup_stm32h750xx.o(.text)
    CEC_IRQHandler                           0x08000353   Thumb Code     0  startup_stm32h750xx.o(.text)
    COMP1_IRQHandler                         0x08000353   Thumb Code     0  startup_stm32h750xx.o(.text)
    CRS_IRQHandler                           0x08000353   Thumb Code     0  startup_stm32h750xx.o(.text)
    CRYP_IRQHandler                          0x08000353   Thumb Code     0  startup_stm32h750xx.o(.text)
    DCMI_IRQHandler                          0x08000353   Thumb Code     0  startup_stm32h750xx.o(.text)
    DFSDM1_FLT0_IRQHandler                   0x08000353   Thumb Code     0  startup_stm32h750xx.o(.text)
    DFSDM1_FLT1_IRQHandler                   0x08000353   Thumb Code     0  startup_stm32h750xx.o(.text)
    DFSDM1_FLT2_IRQHandler                   0x08000353   Thumb Code     0  startup_stm32h750xx.o(.text)
    DFSDM1_FLT3_IRQHandler                   0x08000353   Thumb Code     0  startup_stm32h750xx.o(.text)
    DMA1_Stream0_IRQHandler                  0x08000353   Thumb Code     0  startup_stm32h750xx.o(.text)
    DMA1_Stream1_IRQHandler                  0x08000353   Thumb Code     0  startup_stm32h750xx.o(.text)
    DMA1_Stream2_IRQHandler                  0x08000353   Thumb Code     0  startup_stm32h750xx.o(.text)
    DMA1_Stream3_IRQHandler                  0x08000353   Thumb Code     0  startup_stm32h750xx.o(.text)
    DMA1_Stream4_IRQHandler                  0x08000353   Thumb Code     0  startup_stm32h750xx.o(.text)
    DMA1_Stream5_IRQHandler                  0x08000353   Thumb Code     0  startup_stm32h750xx.o(.text)
    DMA1_Stream6_IRQHandler                  0x08000353   Thumb Code     0  startup_stm32h750xx.o(.text)
    DMA1_Stream7_IRQHandler                  0x08000353   Thumb Code     0  startup_stm32h750xx.o(.text)
    DMA2D_IRQHandler                         0x08000353   Thumb Code     0  startup_stm32h750xx.o(.text)
    DMA2_Stream0_IRQHandler                  0x08000353   Thumb Code     0  startup_stm32h750xx.o(.text)
    DMA2_Stream1_IRQHandler                  0x08000353   Thumb Code     0  startup_stm32h750xx.o(.text)
    DMA2_Stream2_IRQHandler                  0x08000353   Thumb Code     0  startup_stm32h750xx.o(.text)
    DMA2_Stream3_IRQHandler                  0x08000353   Thumb Code     0  startup_stm32h750xx.o(.text)
    DMA2_Stream4_IRQHandler                  0x08000353   Thumb Code     0  startup_stm32h750xx.o(.text)
    DMA2_Stream5_IRQHandler                  0x08000353   Thumb Code     0  startup_stm32h750xx.o(.text)
    DMA2_Stream6_IRQHandler                  0x08000353   Thumb Code     0  startup_stm32h750xx.o(.text)
    DMA2_Stream7_IRQHandler                  0x08000353   Thumb Code     0  startup_stm32h750xx.o(.text)
    DMAMUX1_OVR_IRQHandler                   0x08000353   Thumb Code     0  startup_stm32h750xx.o(.text)
    DMAMUX2_OVR_IRQHandler                   0x08000353   Thumb Code     0  startup_stm32h750xx.o(.text)
    ECC_IRQHandler                           0x08000353   Thumb Code     0  startup_stm32h750xx.o(.text)
    ETH_IRQHandler                           0x08000353   Thumb Code     0  startup_stm32h750xx.o(.text)
    ETH_WKUP_IRQHandler                      0x08000353   Thumb Code     0  startup_stm32h750xx.o(.text)
    EXTI0_IRQHandler                         0x08000353   Thumb Code     0  startup_stm32h750xx.o(.text)
    EXTI15_10_IRQHandler                     0x08000353   Thumb Code     0  startup_stm32h750xx.o(.text)
    EXTI1_IRQHandler                         0x08000353   Thumb Code     0  startup_stm32h750xx.o(.text)
    EXTI2_IRQHandler                         0x08000353   Thumb Code     0  startup_stm32h750xx.o(.text)
    EXTI3_IRQHandler                         0x08000353   Thumb Code     0  startup_stm32h750xx.o(.text)
    EXTI4_IRQHandler                         0x08000353   Thumb Code     0  startup_stm32h750xx.o(.text)
    EXTI9_5_IRQHandler                       0x08000353   Thumb Code     0  startup_stm32h750xx.o(.text)
    FDCAN1_IT0_IRQHandler                    0x08000353   Thumb Code     0  startup_stm32h750xx.o(.text)
    FDCAN1_IT1_IRQHandler                    0x08000353   Thumb Code     0  startup_stm32h750xx.o(.text)
    FDCAN2_IT0_IRQHandler                    0x08000353   Thumb Code     0  startup_stm32h750xx.o(.text)
    FDCAN2_IT1_IRQHandler                    0x08000353   Thumb Code     0  startup_stm32h750xx.o(.text)
    FDCAN_CAL_IRQHandler                     0x08000353   Thumb Code     0  startup_stm32h750xx.o(.text)
    FLASH_IRQHandler                         0x08000353   Thumb Code     0  startup_stm32h750xx.o(.text)
    FMC_IRQHandler                           0x08000353   Thumb Code     0  startup_stm32h750xx.o(.text)
    FPU_IRQHandler                           0x08000353   Thumb Code     0  startup_stm32h750xx.o(.text)
    HASH_RNG_IRQHandler                      0x08000353   Thumb Code     0  startup_stm32h750xx.o(.text)
    HRTIM1_FLT_IRQHandler                    0x08000353   Thumb Code     0  startup_stm32h750xx.o(.text)
    HRTIM1_Master_IRQHandler                 0x08000353   Thumb Code     0  startup_stm32h750xx.o(.text)
    HRTIM1_TIMA_IRQHandler                   0x08000353   Thumb Code     0  startup_stm32h750xx.o(.text)
    HRTIM1_TIMB_IRQHandler                   0x08000353   Thumb Code     0  startup_stm32h750xx.o(.text)
    HRTIM1_TIMC_IRQHandler                   0x08000353   Thumb Code     0  startup_stm32h750xx.o(.text)
    HRTIM1_TIMD_IRQHandler                   0x08000353   Thumb Code     0  startup_stm32h750xx.o(.text)
    HRTIM1_TIME_IRQHandler                   0x08000353   Thumb Code     0  startup_stm32h750xx.o(.text)
    HSEM1_IRQHandler                         0x08000353   Thumb Code     0  startup_stm32h750xx.o(.text)
    I2C1_ER_IRQHandler                       0x08000353   Thumb Code     0  startup_stm32h750xx.o(.text)
    I2C2_ER_IRQHandler                       0x08000353   Thumb Code     0  startup_stm32h750xx.o(.text)
    I2C2_EV_IRQHandler                       0x08000353   Thumb Code     0  startup_stm32h750xx.o(.text)
    I2C3_ER_IRQHandler                       0x08000353   Thumb Code     0  startup_stm32h750xx.o(.text)
    I2C3_EV_IRQHandler                       0x08000353   Thumb Code     0  startup_stm32h750xx.o(.text)
    I2C4_ER_IRQHandler                       0x08000353   Thumb Code     0  startup_stm32h750xx.o(.text)
    I2C4_EV_IRQHandler                       0x08000353   Thumb Code     0  startup_stm32h750xx.o(.text)
    JPEG_IRQHandler                          0x08000353   Thumb Code     0  startup_stm32h750xx.o(.text)
    LPTIM1_IRQHandler                        0x08000353   Thumb Code     0  startup_stm32h750xx.o(.text)
    LPTIM2_IRQHandler                        0x08000353   Thumb Code     0  startup_stm32h750xx.o(.text)
    LPTIM3_IRQHandler                        0x08000353   Thumb Code     0  startup_stm32h750xx.o(.text)
    LPTIM4_IRQHandler                        0x08000353   Thumb Code     0  startup_stm32h750xx.o(.text)
    LPTIM5_IRQHandler                        0x08000353   Thumb Code     0  startup_stm32h750xx.o(.text)
    LPUART1_IRQHandler                       0x08000353   Thumb Code     0  startup_stm32h750xx.o(.text)
    LTDC_ER_IRQHandler                       0x08000353   Thumb Code     0  startup_stm32h750xx.o(.text)
    LTDC_IRQHandler                          0x08000353   Thumb Code     0  startup_stm32h750xx.o(.text)
    MDIOS_IRQHandler                         0x08000353   Thumb Code     0  startup_stm32h750xx.o(.text)
    MDIOS_WKUP_IRQHandler                    0x08000353   Thumb Code     0  startup_stm32h750xx.o(.text)
    MDMA_IRQHandler                          0x08000353   Thumb Code     0  startup_stm32h750xx.o(.text)
    OTG_FS_EP1_IN_IRQHandler                 0x08000353   Thumb Code     0  startup_stm32h750xx.o(.text)
    OTG_FS_EP1_OUT_IRQHandler                0x08000353   Thumb Code     0  startup_stm32h750xx.o(.text)
    OTG_FS_IRQHandler                        0x08000353   Thumb Code     0  startup_stm32h750xx.o(.text)
    OTG_FS_WKUP_IRQHandler                   0x08000353   Thumb Code     0  startup_stm32h750xx.o(.text)
    OTG_HS_EP1_IN_IRQHandler                 0x08000353   Thumb Code     0  startup_stm32h750xx.o(.text)
    OTG_HS_EP1_OUT_IRQHandler                0x08000353   Thumb Code     0  startup_stm32h750xx.o(.text)
    OTG_HS_IRQHandler                        0x08000353   Thumb Code     0  startup_stm32h750xx.o(.text)
    OTG_HS_WKUP_IRQHandler                   0x08000353   Thumb Code     0  startup_stm32h750xx.o(.text)
    PVD_AVD_IRQHandler                       0x08000353   Thumb Code     0  startup_stm32h750xx.o(.text)
    QUADSPI_IRQHandler                       0x08000353   Thumb Code     0  startup_stm32h750xx.o(.text)
    RCC_IRQHandler                           0x08000353   Thumb Code     0  startup_stm32h750xx.o(.text)
    RTC_Alarm_IRQHandler                     0x08000353   Thumb Code     0  startup_stm32h750xx.o(.text)
    RTC_WKUP_IRQHandler                      0x08000353   Thumb Code     0  startup_stm32h750xx.o(.text)
    SAI1_IRQHandler                          0x08000353   Thumb Code     0  startup_stm32h750xx.o(.text)
    SAI2_IRQHandler                          0x08000353   Thumb Code     0  startup_stm32h750xx.o(.text)
    SAI3_IRQHandler                          0x08000353   Thumb Code     0  startup_stm32h750xx.o(.text)
    SAI4_IRQHandler                          0x08000353   Thumb Code     0  startup_stm32h750xx.o(.text)
    SDMMC1_IRQHandler                        0x08000353   Thumb Code     0  startup_stm32h750xx.o(.text)
    SDMMC2_IRQHandler                        0x08000353   Thumb Code     0  startup_stm32h750xx.o(.text)
    SPDIF_RX_IRQHandler                      0x08000353   Thumb Code     0  startup_stm32h750xx.o(.text)
    SPI1_IRQHandler                          0x08000353   Thumb Code     0  startup_stm32h750xx.o(.text)
    SPI2_IRQHandler                          0x08000353   Thumb Code     0  startup_stm32h750xx.o(.text)
    SPI3_IRQHandler                          0x08000353   Thumb Code     0  startup_stm32h750xx.o(.text)
    SPI4_IRQHandler                          0x08000353   Thumb Code     0  startup_stm32h750xx.o(.text)
    SPI5_IRQHandler                          0x08000353   Thumb Code     0  startup_stm32h750xx.o(.text)
    SPI6_IRQHandler                          0x08000353   Thumb Code     0  startup_stm32h750xx.o(.text)
    SWPMI1_IRQHandler                        0x08000353   Thumb Code     0  startup_stm32h750xx.o(.text)
    TAMP_STAMP_IRQHandler                    0x08000353   Thumb Code     0  startup_stm32h750xx.o(.text)
    TIM15_IRQHandler                         0x08000353   Thumb Code     0  startup_stm32h750xx.o(.text)
    TIM16_IRQHandler                         0x08000353   Thumb Code     0  startup_stm32h750xx.o(.text)
    TIM17_IRQHandler                         0x08000353   Thumb Code     0  startup_stm32h750xx.o(.text)
    TIM1_BRK_IRQHandler                      0x08000353   Thumb Code     0  startup_stm32h750xx.o(.text)
    TIM1_CC_IRQHandler                       0x08000353   Thumb Code     0  startup_stm32h750xx.o(.text)
    TIM1_TRG_COM_IRQHandler                  0x08000353   Thumb Code     0  startup_stm32h750xx.o(.text)
    TIM1_UP_IRQHandler                       0x08000353   Thumb Code     0  startup_stm32h750xx.o(.text)
    TIM2_IRQHandler                          0x08000353   Thumb Code     0  startup_stm32h750xx.o(.text)
    TIM3_IRQHandler                          0x08000353   Thumb Code     0  startup_stm32h750xx.o(.text)
    TIM4_IRQHandler                          0x08000353   Thumb Code     0  startup_stm32h750xx.o(.text)
    TIM5_IRQHandler                          0x08000353   Thumb Code     0  startup_stm32h750xx.o(.text)
    TIM6_DAC_IRQHandler                      0x08000353   Thumb Code     0  startup_stm32h750xx.o(.text)
    TIM8_BRK_TIM12_IRQHandler                0x08000353   Thumb Code     0  startup_stm32h750xx.o(.text)
    TIM8_CC_IRQHandler                       0x08000353   Thumb Code     0  startup_stm32h750xx.o(.text)
    TIM8_TRG_COM_TIM14_IRQHandler            0x08000353   Thumb Code     0  startup_stm32h750xx.o(.text)
    TIM8_UP_TIM13_IRQHandler                 0x08000353   Thumb Code     0  startup_stm32h750xx.o(.text)
    UART4_IRQHandler                         0x08000353   Thumb Code     0  startup_stm32h750xx.o(.text)
    UART5_IRQHandler                         0x08000353   Thumb Code     0  startup_stm32h750xx.o(.text)
    UART7_IRQHandler                         0x08000353   Thumb Code     0  startup_stm32h750xx.o(.text)
    UART8_IRQHandler                         0x08000353   Thumb Code     0  startup_stm32h750xx.o(.text)
    USART6_IRQHandler                        0x08000353   Thumb Code     0  startup_stm32h750xx.o(.text)
    WAKEUP_PIN_IRQHandler                    0x08000353   Thumb Code     0  startup_stm32h750xx.o(.text)
    WWDG_IRQHandler                          0x08000353   Thumb Code     0  startup_stm32h750xx.o(.text)
    __user_initial_stackheap                 0x08000355   Thumb Code     0  startup_stm32h750xx.o(.text)
    __aeabi_uldivmod                         0x08000379   Thumb Code     0  lludivv7m.o(.text)
    _ll_udiv                                 0x08000379   Thumb Code   238  lludivv7m.o(.text)
    __aeabi_memclr4                          0x08000467   Thumb Code     0  rt_memclr_w.o(.text)
    __aeabi_memclr8                          0x08000467   Thumb Code     0  rt_memclr_w.o(.text)
    __rt_memclr_w                            0x08000467   Thumb Code    78  rt_memclr_w.o(.text)
    _memset_w                                0x0800046b   Thumb Code     0  rt_memclr_w.o(.text)
    __use_two_region_memory                  0x080004b5   Thumb Code     2  heapauxi.o(.text)
    __rt_heap_escrow$2region                 0x080004b7   Thumb Code     2  heapauxi.o(.text)
    __rt_heap_expand$2region                 0x080004b9   Thumb Code     2  heapauxi.o(.text)
    __user_libspace                          0x080004bd   Thumb Code     8  libspace.o(.text)
    __user_perproc_libspace                  0x080004bd   Thumb Code     0  libspace.o(.text)
    __user_perthread_libspace                0x080004bd   Thumb Code     0  libspace.o(.text)
    __user_setup_stackheap                   0x080004c5   Thumb Code    74  sys_stackheap_outer.o(.text)
    exit                                     0x0800050f   Thumb Code    18  exit.o(.text)
    _sys_exit                                0x08000521   Thumb Code     8  sys_exit.o(.text)
    __I$use$semihosting                      0x0800052d   Thumb Code     0  use_no_semi.o(.text)
    __use_no_semihosting_swi                 0x0800052d   Thumb Code     2  use_no_semi.o(.text)
    BusFault_Handler                         0x0800052f   Thumb Code     2  stm32h7xx_it.o(i.BusFault_Handler)
    __semihosting_library_function           0x0800052f   Thumb Code     0  indicate_semi.o(.text)
    CopeSerial6Data                          0x08000531   Thumb Code    88  hwt101.o(i.CopeSerial6Data)
    DebugMon_Handler                         0x08000591   Thumb Code     2  stm32h7xx_it.o(i.DebugMon_Handler)
    Error_Handler                            0x08000593   Thumb Code     4  main.o(i.Error_Handler)
    HAL_DMA_Abort                            0x08000599   Thumb Code   836  stm32h7xx_hal_dma.o(i.HAL_DMA_Abort)
    HAL_DMA_Abort_IT                         0x080008f9   Thumb Code   602  stm32h7xx_hal_dma.o(i.HAL_DMA_Abort_IT)
    HAL_GPIO_Init                            0x08000b7d   Thumb Code   506  stm32h7xx_hal_gpio.o(i.HAL_GPIO_Init)
    HAL_GPIO_ReadPin                         0x08000da9   Thumb Code    10  stm32h7xx_hal_gpio.o(i.HAL_GPIO_ReadPin)
    HAL_GPIO_WritePin                        0x08000db3   Thumb Code    10  stm32h7xx_hal_gpio.o(i.HAL_GPIO_WritePin)
    HAL_GetREVID                             0x08000dbd   Thumb Code     8  stm32h7xx_hal.o(i.HAL_GetREVID)
    HAL_GetTick                              0x08000dc9   Thumb Code     6  stm32h7xx_hal.o(i.HAL_GetTick)
    HAL_I2C_EV_IRQHandler                    0x08000dd5   Thumb Code    16  stm32h7xx_hal_i2c.o(i.HAL_I2C_EV_IRQHandler)
    HAL_IncTick                              0x08000de5   Thumb Code    12  stm32h7xx_hal.o(i.HAL_IncTick)
    HAL_Init                                 0x08000df5   Thumb Code    74  stm32h7xx_hal.o(i.HAL_Init)
    HAL_InitTick                             0x08000e51   Thumb Code    56  stm32h7xx_hal.o(i.HAL_InitTick)
    HAL_MspInit                              0x08000e91   Thumb Code    22  stm32h7xx_hal_msp.o(i.HAL_MspInit)
    HAL_NVIC_EnableIRQ                       0x08000ead   Thumb Code    26  stm32h7xx_hal_cortex.o(i.HAL_NVIC_EnableIRQ)
    HAL_NVIC_SetPriority                     0x08000ec9   Thumb Code    60  stm32h7xx_hal_cortex.o(i.HAL_NVIC_SetPriority)
    HAL_NVIC_SetPriorityGrouping             0x08000f09   Thumb Code    28  stm32h7xx_hal_cortex.o(i.HAL_NVIC_SetPriorityGrouping)
    HAL_PWREx_ConfigSupply                   0x08000f2d   Thumb Code    78  stm32h7xx_hal_pwr_ex.o(i.HAL_PWREx_ConfigSupply)
    HAL_RCCEx_GetD3PCLK1Freq                 0x08000f81   Thumb Code    26  stm32h7xx_hal_rcc_ex.o(i.HAL_RCCEx_GetD3PCLK1Freq)
    HAL_RCCEx_GetPLL2ClockFreq               0x08000fa5   Thumb Code   296  stm32h7xx_hal_rcc_ex.o(i.HAL_RCCEx_GetPLL2ClockFreq)
    HAL_RCCEx_GetPLL3ClockFreq               0x080010e9   Thumb Code   296  stm32h7xx_hal_rcc_ex.o(i.HAL_RCCEx_GetPLL3ClockFreq)
    HAL_RCCEx_PeriphCLKConfig                0x0800122d   Thumb Code  2258  stm32h7xx_hal_rcc_ex.o(i.HAL_RCCEx_PeriphCLKConfig)
    HAL_RCC_ClockConfig                      0x08001b01   Thumb Code   580  stm32h7xx_hal_rcc.o(i.HAL_RCC_ClockConfig)
    HAL_RCC_GetHCLKFreq                      0x08001d5d   Thumb Code    52  stm32h7xx_hal_rcc.o(i.HAL_RCC_GetHCLKFreq)
    HAL_RCC_GetPCLK1Freq                     0x08001da1   Thumb Code    26  stm32h7xx_hal_rcc.o(i.HAL_RCC_GetPCLK1Freq)
    HAL_RCC_GetPCLK2Freq                     0x08001dc5   Thumb Code    26  stm32h7xx_hal_rcc.o(i.HAL_RCC_GetPCLK2Freq)
    HAL_RCC_GetSysClockFreq                  0x08001de9   Thumb Code   278  stm32h7xx_hal_rcc.o(i.HAL_RCC_GetSysClockFreq)
    HAL_RCC_OscConfig                        0x08001f21   Thumb Code  1322  stm32h7xx_hal_rcc.o(i.HAL_RCC_OscConfig)
    HAL_SYSTICK_CLKSourceConfig              0x08002451   Thumb Code    24  stm32h7xx_hal_cortex.o(i.HAL_SYSTICK_CLKSourceConfig)
    HAL_SYSTICK_Config                       0x08002469   Thumb Code    38  stm32h7xx_hal_cortex.o(i.HAL_SYSTICK_Config)
    HAL_TIMEx_Break2Callback                 0x0800248f   Thumb Code     2  stm32h7xx_hal_tim_ex.o(i.HAL_TIMEx_Break2Callback)
    HAL_TIMEx_BreakCallback                  0x08002491   Thumb Code     2  stm32h7xx_hal_tim_ex.o(i.HAL_TIMEx_BreakCallback)
    HAL_TIMEx_CommutCallback                 0x08002493   Thumb Code     2  stm32h7xx_hal_tim_ex.o(i.HAL_TIMEx_CommutCallback)
    HAL_TIMEx_MasterConfigSynchronization    0x08002495   Thumb Code   134  stm32h7xx_hal_tim_ex.o(i.HAL_TIMEx_MasterConfigSynchronization)
    HAL_TIM_Base_Init                        0x08002539   Thumb Code    98  stm32h7xx_hal_tim.o(i.HAL_TIM_Base_Init)
    HAL_TIM_Base_MspInit                     0x0800259d   Thumb Code    50  tim.o(i.HAL_TIM_Base_MspInit)
    HAL_TIM_Base_Start_IT                    0x080025d9   Thumb Code   106  stm32h7xx_hal_tim.o(i.HAL_TIM_Base_Start_IT)
    HAL_TIM_Encoder_Init                     0x08002665   Thumb Code   182  stm32h7xx_hal_tim.o(i.HAL_TIM_Encoder_Init)
    HAL_TIM_Encoder_MspInit                  0x08002721   Thumb Code   182  tim.o(i.HAL_TIM_Encoder_MspInit)
    HAL_TIM_Encoder_Start                    0x080027e9   Thumb Code   142  stm32h7xx_hal_tim.o(i.HAL_TIM_Encoder_Start)
    HAL_TIM_IC_CaptureCallback               0x08002877   Thumb Code     2  stm32h7xx_hal_tim.o(i.HAL_TIM_IC_CaptureCallback)
    HAL_TIM_IRQHandler                       0x08002879   Thumb Code   386  stm32h7xx_hal_tim.o(i.HAL_TIM_IRQHandler)
    HAL_TIM_MspPostInit                      0x080029fd   Thumb Code    68  tim.o(i.HAL_TIM_MspPostInit)
    HAL_TIM_OC_DelayElapsedCallback          0x08002a4d   Thumb Code     2  stm32h7xx_hal_tim.o(i.HAL_TIM_OC_DelayElapsedCallback)
    HAL_TIM_PWM_ConfigChannel                0x08002a4f   Thumb Code   292  stm32h7xx_hal_tim.o(i.HAL_TIM_PWM_ConfigChannel)
    HAL_TIM_PWM_Init                         0x08002b73   Thumb Code    98  stm32h7xx_hal_tim.o(i.HAL_TIM_PWM_Init)
    HAL_TIM_PWM_MspInit                      0x08002bd5   Thumb Code    30  tim.o(i.HAL_TIM_PWM_MspInit)
    HAL_TIM_PWM_PulseFinishedCallback        0x08002bfd   Thumb Code     2  stm32h7xx_hal_tim.o(i.HAL_TIM_PWM_PulseFinishedCallback)
    HAL_TIM_PWM_Start                        0x08002c01   Thumb Code   232  stm32h7xx_hal_tim.o(i.HAL_TIM_PWM_Start)
    HAL_TIM_PeriodElapsedCallback            0x08002d11   Thumb Code    64  motor_1.o(i.HAL_TIM_PeriodElapsedCallback)
    HAL_TIM_TriggerCallback                  0x08002d5d   Thumb Code     2  stm32h7xx_hal_tim.o(i.HAL_TIM_TriggerCallback)
    HAL_UARTEx_DisableFifoMode               0x08002d5f   Thumb Code    64  stm32h7xx_hal_uart_ex.o(i.HAL_UARTEx_DisableFifoMode)
    HAL_UARTEx_RxEventCallback               0x08002d9f   Thumb Code     2  stm32h7xx_hal_uart.o(i.HAL_UARTEx_RxEventCallback)
    HAL_UARTEx_RxFifoFullCallback            0x08002da1   Thumb Code     2  stm32h7xx_hal_uart_ex.o(i.HAL_UARTEx_RxFifoFullCallback)
    HAL_UARTEx_SetRxFifoThreshold            0x08002da3   Thumb Code    76  stm32h7xx_hal_uart_ex.o(i.HAL_UARTEx_SetRxFifoThreshold)
    HAL_UARTEx_SetTxFifoThreshold            0x08002def   Thumb Code    76  stm32h7xx_hal_uart_ex.o(i.HAL_UARTEx_SetTxFifoThreshold)
    HAL_UARTEx_TxFifoEmptyCallback           0x08002e3b   Thumb Code     2  stm32h7xx_hal_uart_ex.o(i.HAL_UARTEx_TxFifoEmptyCallback)
    HAL_UARTEx_WakeupCallback                0x08002e3d   Thumb Code     2  stm32h7xx_hal_uart_ex.o(i.HAL_UARTEx_WakeupCallback)
    HAL_UART_ErrorCallback                   0x08002e3f   Thumb Code     2  stm32h7xx_hal_uart.o(i.HAL_UART_ErrorCallback)
    HAL_UART_IRQHandler                      0x08002e41   Thumb Code   838  stm32h7xx_hal_uart.o(i.HAL_UART_IRQHandler)
    HAL_UART_Init                            0x080031a1   Thumb Code   106  stm32h7xx_hal_uart.o(i.HAL_UART_Init)
    HAL_UART_MspInit                         0x0800320d   Thumb Code   430  usart.o(i.HAL_UART_MspInit)
    HAL_UART_Receive_IT                      0x080033dd   Thumb Code    80  stm32h7xx_hal_uart.o(i.HAL_UART_Receive_IT)
    HAL_UART_RxCpltCallback                  0x08003431   Thumb Code   144  stm32h7xx_it.o(i.HAL_UART_RxCpltCallback)
    HAL_UART_TxCpltCallback                  0x080034ed   Thumb Code     2  stm32h7xx_hal_uart.o(i.HAL_UART_TxCpltCallback)
    HardFault_Handler                        0x080034ef   Thumb Code     2  stm32h7xx_it.o(i.HardFault_Handler)
    I2C1_EV_IRQHandler                       0x080034f1   Thumb Code     6  stm32h7xx_it.o(i.I2C1_EV_IRQHandler)
    Incremental_PI_1                         0x080034fd   Thumb Code   182  pid.o(i.Incremental_PI_1)
    Incremental_PI_2                         0x080035dd   Thumb Code   182  pid.o(i.Incremental_PI_2)
    MOTOR1_Frun                              0x080036bd   Thumb Code    28  motor_1.o(i.MOTOR1_Frun)
    MOTOR1_Rrun                              0x080036dd   Thumb Code    28  motor_1.o(i.MOTOR1_Rrun)
    MOTOR2_Frun                              0x080036fd   Thumb Code    28  motor_1.o(i.MOTOR2_Frun)
    MOTOR2_Rrun                              0x0800371d   Thumb Code    28  motor_1.o(i.MOTOR2_Rrun)
    MX_GPIO_Init                             0x0800373d   Thumb Code   256  gpio.o(i.MX_GPIO_Init)
    MX_TIM2_Init                             0x0800384d   Thumb Code   114  tim.o(i.MX_TIM2_Init)
    MX_TIM3_Init                             0x080038c5   Thumb Code   102  tim.o(i.MX_TIM3_Init)
    MX_TIM5_Init                             0x08003935   Thumb Code   144  tim.o(i.MX_TIM5_Init)
    MX_TIM7_Init                             0x080039cd   Thumb Code    84  tim.o(i.MX_TIM7_Init)
    MX_USART1_UART_Init                      0x08003a29   Thumb Code   102  usart.o(i.MX_USART1_UART_Init)
    MX_USART2_UART_Init                      0x08003a99   Thumb Code   106  usart.o(i.MX_USART2_UART_Init)
    MX_USART3_UART_Init                      0x08003b11   Thumb Code   106  usart.o(i.MX_USART3_UART_Init)
    MemManage_Handler                        0x08003b89   Thumb Code     2  stm32h7xx_it.o(i.MemManage_Handler)
    NMI_Handler                              0x08003b8b   Thumb Code     2  stm32h7xx_it.o(i.NMI_Handler)
    PID_PARA_Init                            0x08003b8d   Thumb Code    60  pid.o(i.PID_PARA_Init)
    PS2_ClearData                            0x08003be5   Thumb Code    18  ps2.o(i.PS2_ClearData)
    PS2_Cmd                                  0x08003bfd   Thumb Code   156  ps2.o(i.PS2_Cmd)
    PS2_ReadData                             0x08003ca1   Thumb Code   192  ps2.o(i.PS2_ReadData)
    PS2_Receive                              0x08003d6d   Thumb Code   142  ps2.o(i.PS2_Receive)
    PendSV_Handler                           0x08003e01   Thumb Code     2  stm32h7xx_it.o(i.PendSV_Handler)
    Read_Encoder_M1                          0x08004045   Thumb Code    32  motor_1.o(i.Read_Encoder_M1)
    Read_Encoder_M2                          0x0800406d   Thumb Code    32  motor_1.o(i.Read_Encoder_M2)
    SVC_Handler                              0x08004095   Thumb Code     2  stm32h7xx_it.o(i.SVC_Handler)
    Set_PWM_Wheel                            0x08004099   Thumb Code    54  motor_1.o(i.Set_PWM_Wheel)
    SysTick_Handler                          0x080040d9   Thumb Code     4  stm32h7xx_it.o(i.SysTick_Handler)
    SystemClock_Config                       0x080040dd   Thumb Code   166  main.o(i.SystemClock_Config)
    SystemInit                               0x0800418d   Thumb Code   180  system_stm32h7xx.o(i.SystemInit)
    TIM7_IRQHandler                          0x08004269   Thumb Code     6  stm32h7xx_it.o(i.TIM7_IRQHandler)
    TIM_Base_SetConfig                       0x08004275   Thumb Code   162  stm32h7xx_hal_tim.o(i.TIM_Base_SetConfig)
    TIM_CCxChannelCmd                        0x08004339   Thumb Code    26  stm32h7xx_hal_tim.o(i.TIM_CCxChannelCmd)
    TIM_OC2_SetConfig                        0x080043fd   Thumb Code   126  stm32h7xx_hal_tim.o(i.TIM_OC2_SetConfig)
    UART_AdvFeatureConfig                    0x080046d1   Thumb Code   200  stm32h7xx_hal_uart.o(i.UART_AdvFeatureConfig)
    UART_CheckIdleState                      0x08004799   Thumb Code    96  stm32h7xx_hal_uart.o(i.UART_CheckIdleState)
    UART_SetConfig                           0x08004c91   Thumb Code   876  stm32h7xx_hal_uart.o(i.UART_SetConfig)
    UART_Start_Receive_IT                    0x0800503d   Thumb Code   262  stm32h7xx_hal_uart.o(i.UART_Start_Receive_IT)
    UART_WaitOnFlagUntilTimeout              0x08005155   Thumb Code   202  stm32h7xx_hal_uart.o(i.UART_WaitOnFlagUntilTimeout)
    USART1_IRQHandler                        0x08005221   Thumb Code     6  stm32h7xx_it.o(i.USART1_IRQHandler)
    USART2_IRQHandler                        0x0800522d   Thumb Code     6  stm32h7xx_it.o(i.USART2_IRQHandler)
    USART3_IRQHandler                        0x08005239   Thumb Code     6  stm32h7xx_it.o(i.USART3_IRQHandler)
    UsageFault_Handler                       0x08005245   Thumb Code     2  stm32h7xx_it.o(i.UsageFault_Handler)
    delay_init                               0x08005269   Thumb Code    16  delay.o(i.delay_init)
    delay_ms                                 0x0800527d   Thumb Code    54  delay.o(i.delay_ms)
    delay_us                                 0x080052b5   Thumb Code    46  delay.o(i.delay_us)
    main                                     0x080052e9   Thumb Code    62  main.o(i.main)
    _fp_init                                 0x08005327   Thumb Code    10  fpinit.o(x$fpl$fpinit)
    __fplib_config_fpu_vfp                   0x0800532f   Thumb Code     0  fpinit.o(x$fpl$fpinit)
    __fplib_config_pureend_doubles           0x0800532f   Thumb Code     0  fpinit.o(x$fpl$fpinit)
    UARTPrescTable                           0x08005330   Data          24  stm32h7xx_hal_uart.o(.constdata)
    D1CorePrescTable                         0x08005358   Data          16  system_stm32h7xx.o(.constdata)
    Region$$Table$$Base                      0x08005368   Number         0  anon$$obj.o(Region$$Table)
    Region$$Table$$Limit                     0x08005388   Number         0  anon$$obj.o(Region$$Table)
    uwTickFreq                               0x24000000   Data           1  stm32h7xx_hal.o(.data)
    uwTickPrio                               0x24000004   Data           4  stm32h7xx_hal.o(.data)
    uwTick                                   0x24000008   Data           4  stm32h7xx_hal.o(.data)
    SystemCoreClock                          0x2400000c   Data           4  system_stm32h7xx.o(.data)
    SystemD2Clock                            0x24000010   Data           4  system_stm32h7xx.o(.data)
    MOTO_PARA                                0x24000018   Data          32  motor_1.o(.data)
    di_res                                   0x24000038   Data           1  ps2.o(.data)
    Comd                                     0x24000039   Data           2  ps2.o(.data)
    ref                                      0x2400003c   Data           2  ps2.o(.data)
    Handkey                                  0x2400003e   Data           2  ps2.o(.data)
    MASK                                     0x24000040   Data          32  ps2.o(.data)
    Yaw_current                              0x24000060   Data           4  hwt101.o(.data)
    YAWCMD                                   0x24000064   Data           5  hwt101.o(.data)
    HWT101_linpian                           0x24000069   Data           5  hwt101.o(.data)
    stcAngle                                 0x2400006e   Data           8  hwt101.o(.data)
    stcGyro                                  0x24000076   Data           8  hwt101.o(.data)
    htim2                                    0x24000080   Data          76  tim.o(.bss)
    htim3                                    0x240000cc   Data          76  tim.o(.bss)
    htim5                                    0x24000118   Data          76  tim.o(.bss)
    htim7                                    0x24000164   Data          76  tim.o(.bss)
    USART_RX_DATA                            0x240001b0   Data         192  usart.o(.bss)
    huart1                                   0x24000270   Data         144  usart.o(.bss)
    huart2                                   0x24000300   Data         144  usart.o(.bss)
    huart3                                   0x24000390   Data         144  usart.o(.bss)
    huart6                                   0x24000420   Data         144  usart.o(.bss)
    hi2c1                                    0x240004b0   Data          76  i2c.o(.bss)
    target_speed                             0x240004fc   Data          20  pid.o(.bss)
    ROBOT_pos                                0x24000510   Data          28  pid.o(.bss)
    M1                                       0x2400052c   Data          44  pid.o(.bss)
    M2                                       0x24000558   Data          44  pid.o(.bss)
    angle                                    0x24000584   Data          44  pid.o(.bss)
    angle_speed                              0x240005b0   Data          44  pid.o(.bss)
    PS2_Data                                 0x240005dc   Data          21  ps2.o(.bss)
    Data                                     0x240005f1   Data           9  ps2.o(.bss)
    __libspace_start                         0x240005fc   Data          96  libspace.o(.bss)
    __temporary_stack_top$libspace           0x2400065c   Data           0  libspace.o(.bss)



==============================================================================

Memory Map of the image

  Image Entry point : 0x08000299

  Load Region LR_IROM1 (Base: 0x08000000, Size: 0x00005408, Max: 0x00020000, ABSOLUTE)

    Execution Region ER_IROM1 (Exec base: 0x08000000, Load base: 0x08000000, Size: 0x00005388, Max: 0x00020000, ABSOLUTE)

    Exec Addr    Load Addr    Size         Type   Attr      Idx    E Section Name        Object

    0x08000000   0x08000000   0x00000298   Data   RO            3    RESET               startup_stm32h750xx.o
    0x08000298   0x08000298   0x00000008   Code   RO         5193  * !!!main             c_w.l(__main.o)
    0x080002a0   0x080002a0   0x00000034   Code   RO         5382    !!!scatter          c_w.l(__scatter.o)
    0x080002d4   0x080002d4   0x0000001a   Code   RO         5384    !!handler_copy      c_w.l(__scatter_copy.o)
    0x080002ee   0x080002ee   0x00000002   PAD
    0x080002f0   0x080002f0   0x0000001c   Code   RO         5386    !!handler_zi        c_w.l(__scatter_zi.o)
    0x0800030c   0x0800030c   0x00000002   Code   RO         5253    .ARM.Collect$$libinit$$00000000  c_w.l(libinit.o)
    0x0800030e   0x0800030e   0x00000004   Code   RO         5262    .ARM.Collect$$libinit$$00000001  c_w.l(libinit2.o)
    0x08000312   0x08000312   0x00000000   Code   RO         5265    .ARM.Collect$$libinit$$00000004  c_w.l(libinit2.o)
    0x08000312   0x08000312   0x00000000   Code   RO         5268    .ARM.Collect$$libinit$$0000000A  c_w.l(libinit2.o)
    0x08000312   0x08000312   0x00000000   Code   RO         5270    .ARM.Collect$$libinit$$0000000C  c_w.l(libinit2.o)
    0x08000312   0x08000312   0x00000000   Code   RO         5272    .ARM.Collect$$libinit$$0000000E  c_w.l(libinit2.o)
    0x08000312   0x08000312   0x00000000   Code   RO         5275    .ARM.Collect$$libinit$$00000011  c_w.l(libinit2.o)
    0x08000312   0x08000312   0x00000000   Code   RO         5277    .ARM.Collect$$libinit$$00000013  c_w.l(libinit2.o)
    0x08000312   0x08000312   0x00000000   Code   RO         5279    .ARM.Collect$$libinit$$00000015  c_w.l(libinit2.o)
    0x08000312   0x08000312   0x00000000   Code   RO         5281    .ARM.Collect$$libinit$$00000017  c_w.l(libinit2.o)
    0x08000312   0x08000312   0x00000000   Code   RO         5283    .ARM.Collect$$libinit$$00000019  c_w.l(libinit2.o)
    0x08000312   0x08000312   0x00000000   Code   RO         5285    .ARM.Collect$$libinit$$0000001B  c_w.l(libinit2.o)
    0x08000312   0x08000312   0x00000000   Code   RO         5287    .ARM.Collect$$libinit$$0000001D  c_w.l(libinit2.o)
    0x08000312   0x08000312   0x00000000   Code   RO         5289    .ARM.Collect$$libinit$$0000001F  c_w.l(libinit2.o)
    0x08000312   0x08000312   0x00000000   Code   RO         5291    .ARM.Collect$$libinit$$00000021  c_w.l(libinit2.o)
    0x08000312   0x08000312   0x00000000   Code   RO         5293    .ARM.Collect$$libinit$$00000023  c_w.l(libinit2.o)
    0x08000312   0x08000312   0x00000000   Code   RO         5295    .ARM.Collect$$libinit$$00000025  c_w.l(libinit2.o)
    0x08000312   0x08000312   0x00000000   Code   RO         5299    .ARM.Collect$$libinit$$0000002C  c_w.l(libinit2.o)
    0x08000312   0x08000312   0x00000000   Code   RO         5301    .ARM.Collect$$libinit$$0000002E  c_w.l(libinit2.o)
    0x08000312   0x08000312   0x00000000   Code   RO         5303    .ARM.Collect$$libinit$$00000030  c_w.l(libinit2.o)
    0x08000312   0x08000312   0x00000000   Code   RO         5305    .ARM.Collect$$libinit$$00000032  c_w.l(libinit2.o)
    0x08000312   0x08000312   0x00000002   Code   RO         5306    .ARM.Collect$$libinit$$00000033  c_w.l(libinit2.o)
    0x08000314   0x08000314   0x00000002   Code   RO         5337    .ARM.Collect$$libshutdown$$00000000  c_w.l(libshutdown.o)
    0x08000316   0x08000316   0x00000000   Code   RO         5363    .ARM.Collect$$libshutdown$$00000002  c_w.l(libshutdown2.o)
    0x08000316   0x08000316   0x00000000   Code   RO         5365    .ARM.Collect$$libshutdown$$00000004  c_w.l(libshutdown2.o)
    0x08000316   0x08000316   0x00000000   Code   RO         5367    .ARM.Collect$$libshutdown$$00000006  c_w.l(libshutdown2.o)
    0x08000316   0x08000316   0x00000000   Code   RO         5370    .ARM.Collect$$libshutdown$$00000009  c_w.l(libshutdown2.o)
    0x08000316   0x08000316   0x00000000   Code   RO         5373    .ARM.Collect$$libshutdown$$0000000C  c_w.l(libshutdown2.o)
    0x08000316   0x08000316   0x00000000   Code   RO         5375    .ARM.Collect$$libshutdown$$0000000E  c_w.l(libshutdown2.o)
    0x08000316   0x08000316   0x00000000   Code   RO         5378    .ARM.Collect$$libshutdown$$00000011  c_w.l(libshutdown2.o)
    0x08000316   0x08000316   0x00000002   Code   RO         5379    .ARM.Collect$$libshutdown$$00000012  c_w.l(libshutdown2.o)
    0x08000318   0x08000318   0x00000000   Code   RO         5207    .ARM.Collect$$rtentry$$00000000  c_w.l(__rtentry.o)
    0x08000318   0x08000318   0x00000000   Code   RO         5216    .ARM.Collect$$rtentry$$00000002  c_w.l(__rtentry2.o)
    0x08000318   0x08000318   0x00000006   Code   RO         5228    .ARM.Collect$$rtentry$$00000004  c_w.l(__rtentry4.o)
    0x0800031e   0x0800031e   0x00000000   Code   RO         5218    .ARM.Collect$$rtentry$$00000009  c_w.l(__rtentry2.o)
    0x0800031e   0x0800031e   0x00000004   Code   RO         5219    .ARM.Collect$$rtentry$$0000000A  c_w.l(__rtentry2.o)
    0x08000322   0x08000322   0x00000000   Code   RO         5221    .ARM.Collect$$rtentry$$0000000C  c_w.l(__rtentry2.o)
    0x08000322   0x08000322   0x00000008   Code   RO         5222    .ARM.Collect$$rtentry$$0000000D  c_w.l(__rtentry2.o)
    0x0800032a   0x0800032a   0x00000002   Code   RO         5254    .ARM.Collect$$rtexit$$00000000  c_w.l(rtexit.o)
    0x0800032c   0x0800032c   0x00000000   Code   RO         5310    .ARM.Collect$$rtexit$$00000002  c_w.l(rtexit2.o)
    0x0800032c   0x0800032c   0x00000004   Code   RO         5311    .ARM.Collect$$rtexit$$00000003  c_w.l(rtexit2.o)
    0x08000330   0x08000330   0x00000006   Code   RO         5312    .ARM.Collect$$rtexit$$00000004  c_w.l(rtexit2.o)
    0x08000336   0x08000336   0x00000002   PAD
    0x08000338   0x08000338   0x00000040   Code   RO            4    .text               startup_stm32h750xx.o
    0x08000378   0x08000378   0x000000ee   Code   RO         5187    .text               c_w.l(lludivv7m.o)
    0x08000466   0x08000466   0x0000004e   Code   RO         5189    .text               c_w.l(rt_memclr_w.o)
    0x080004b4   0x080004b4   0x00000006   Code   RO         5191    .text               c_w.l(heapauxi.o)
    0x080004ba   0x080004ba   0x00000002   PAD
    0x080004bc   0x080004bc   0x00000008   Code   RO         5237    .text               c_w.l(libspace.o)
    0x080004c4   0x080004c4   0x0000004a   Code   RO         5240    .text               c_w.l(sys_stackheap_outer.o)
    0x0800050e   0x0800050e   0x00000012   Code   RO         5242    .text               c_w.l(exit.o)
    0x08000520   0x08000520   0x0000000c   Code   RO         5307    .text               c_w.l(sys_exit.o)
    0x0800052c   0x0800052c   0x00000002   Code   RO         5326    .text               c_w.l(use_no_semi.o)
    0x0800052e   0x0800052e   0x00000000   Code   RO         5328    .text               c_w.l(indicate_semi.o)
    0x0800052e   0x0800052e   0x00000002   Code   RO          429    i.BusFault_Handler  stm32h7xx_it.o
    0x08000530   0x08000530   0x00000060   Code   RO         5122    i.CopeSerial6Data   hwt101.o
    0x08000590   0x08000590   0x00000002   Code   RO          430    i.DebugMon_Handler  stm32h7xx_it.o
    0x08000592   0x08000592   0x00000004   Code   RO           13    i.Error_Handler     main.o
    0x08000596   0x08000596   0x00000002   PAD
    0x08000598   0x08000598   0x00000360   Code   RO         2496    i.HAL_DMA_Abort     stm32h7xx_hal_dma.o
    0x080008f8   0x080008f8   0x00000284   Code   RO         2497    i.HAL_DMA_Abort_IT  stm32h7xx_hal_dma.o
    0x08000b7c   0x08000b7c   0x0000022c   Code   RO         2344    i.HAL_GPIO_Init     stm32h7xx_hal_gpio.o
    0x08000da8   0x08000da8   0x0000000a   Code   RO         2346    i.HAL_GPIO_ReadPin  stm32h7xx_hal_gpio.o
    0x08000db2   0x08000db2   0x0000000a   Code   RO         2348    i.HAL_GPIO_WritePin  stm32h7xx_hal_gpio.o
    0x08000dbc   0x08000dbc   0x0000000c   Code   RO         3216    i.HAL_GetREVID      stm32h7xx_hal.o
    0x08000dc8   0x08000dc8   0x0000000c   Code   RO         3217    i.HAL_GetTick       stm32h7xx_hal.o
    0x08000dd4   0x08000dd4   0x00000010   Code   RO         3515    i.HAL_I2C_EV_IRQHandler  stm32h7xx_hal_i2c.o
    0x08000de4   0x08000de4   0x00000010   Code   RO         3223    i.HAL_IncTick       stm32h7xx_hal.o
    0x08000df4   0x08000df4   0x0000005c   Code   RO         3224    i.HAL_Init          stm32h7xx_hal.o
    0x08000e50   0x08000e50   0x00000040   Code   RO         3225    i.HAL_InitTick      stm32h7xx_hal.o
    0x08000e90   0x08000e90   0x0000001c   Code   RO          545    i.HAL_MspInit       stm32h7xx_hal_msp.o
    0x08000eac   0x08000eac   0x0000001a   Code   RO          729    i.HAL_NVIC_EnableIRQ  stm32h7xx_hal_cortex.o
    0x08000ec6   0x08000ec6   0x00000002   PAD
    0x08000ec8   0x08000ec8   0x00000040   Code   RO          735    i.HAL_NVIC_SetPriority  stm32h7xx_hal_cortex.o
    0x08000f08   0x08000f08   0x00000024   Code   RO          736    i.HAL_NVIC_SetPriorityGrouping  stm32h7xx_hal_cortex.o
    0x08000f2c   0x08000f2c   0x00000054   Code   RO         2945    i.HAL_PWREx_ConfigSupply  stm32h7xx_hal_pwr_ex.o
    0x08000f80   0x08000f80   0x00000024   Code   RO         1987    i.HAL_RCCEx_GetD3PCLK1Freq  stm32h7xx_hal_rcc_ex.o
    0x08000fa4   0x08000fa4   0x00000144   Code   RO         1989    i.HAL_RCCEx_GetPLL2ClockFreq  stm32h7xx_hal_rcc_ex.o
    0x080010e8   0x080010e8   0x00000144   Code   RO         1990    i.HAL_RCCEx_GetPLL3ClockFreq  stm32h7xx_hal_rcc_ex.o
    0x0800122c   0x0800122c   0x000008d2   Code   RO         1996    i.HAL_RCCEx_PeriphCLKConfig  stm32h7xx_hal_rcc_ex.o
    0x08001afe   0x08001afe   0x00000002   PAD
    0x08001b00   0x08001b00   0x0000025c   Code   RO         1872    i.HAL_RCC_ClockConfig  stm32h7xx_hal_rcc.o
    0x08001d5c   0x08001d5c   0x00000044   Code   RO         1877    i.HAL_RCC_GetHCLKFreq  stm32h7xx_hal_rcc.o
    0x08001da0   0x08001da0   0x00000024   Code   RO         1879    i.HAL_RCC_GetPCLK1Freq  stm32h7xx_hal_rcc.o
    0x08001dc4   0x08001dc4   0x00000024   Code   RO         1880    i.HAL_RCC_GetPCLK2Freq  stm32h7xx_hal_rcc.o
    0x08001de8   0x08001de8   0x00000138   Code   RO         1881    i.HAL_RCC_GetSysClockFreq  stm32h7xx_hal_rcc.o
    0x08001f20   0x08001f20   0x00000530   Code   RO         1884    i.HAL_RCC_OscConfig  stm32h7xx_hal_rcc.o
    0x08002450   0x08002450   0x00000018   Code   RO          738    i.HAL_SYSTICK_CLKSourceConfig  stm32h7xx_hal_cortex.o
    0x08002468   0x08002468   0x00000026   Code   RO          740    i.HAL_SYSTICK_Config  stm32h7xx_hal_cortex.o
    0x0800248e   0x0800248e   0x00000002   Code   RO         1580    i.HAL_TIMEx_Break2Callback  stm32h7xx_hal_tim_ex.o
    0x08002490   0x08002490   0x00000002   Code   RO         1581    i.HAL_TIMEx_BreakCallback  stm32h7xx_hal_tim_ex.o
    0x08002492   0x08002492   0x00000002   Code   RO         1582    i.HAL_TIMEx_CommutCallback  stm32h7xx_hal_tim_ex.o
    0x08002494   0x08002494   0x000000a4   Code   RO         1602    i.HAL_TIMEx_MasterConfigSynchronization  stm32h7xx_hal_tim_ex.o
    0x08002538   0x08002538   0x00000062   Code   RO          866    i.HAL_TIM_Base_Init  stm32h7xx_hal_tim.o
    0x0800259a   0x0800259a   0x00000002   PAD
    0x0800259c   0x0800259c   0x0000003c   Code   RO          253    i.HAL_TIM_Base_MspInit  tim.o
    0x080025d8   0x080025d8   0x0000008c   Code   RO          871    i.HAL_TIM_Base_Start_IT  stm32h7xx_hal_tim.o
    0x08002664   0x08002664   0x000000bc   Code   RO          887    i.HAL_TIM_Encoder_Init  stm32h7xx_hal_tim.o
    0x08002720   0x08002720   0x000000c8   Code   RO          255    i.HAL_TIM_Encoder_MspInit  tim.o
    0x080027e8   0x080027e8   0x0000008e   Code   RO          890    i.HAL_TIM_Encoder_Start  stm32h7xx_hal_tim.o
    0x08002876   0x08002876   0x00000002   Code   RO          900    i.HAL_TIM_IC_CaptureCallback  stm32h7xx_hal_tim.o
    0x08002878   0x08002878   0x00000182   Code   RO          914    i.HAL_TIM_IRQHandler  stm32h7xx_hal_tim.o
    0x080029fa   0x080029fa   0x00000002   PAD
    0x080029fc   0x080029fc   0x00000050   Code   RO          256    i.HAL_TIM_MspPostInit  tim.o
    0x08002a4c   0x08002a4c   0x00000002   Code   RO          917    i.HAL_TIM_OC_DelayElapsedCallback  stm32h7xx_hal_tim.o
    0x08002a4e   0x08002a4e   0x00000124   Code   RO          938    i.HAL_TIM_PWM_ConfigChannel  stm32h7xx_hal_tim.o
    0x08002b72   0x08002b72   0x00000062   Code   RO          941    i.HAL_TIM_PWM_Init  stm32h7xx_hal_tim.o
    0x08002bd4   0x08002bd4   0x00000028   Code   RO          258    i.HAL_TIM_PWM_MspInit  tim.o
    0x08002bfc   0x08002bfc   0x00000002   Code   RO          944    i.HAL_TIM_PWM_PulseFinishedCallback  stm32h7xx_hal_tim.o
    0x08002bfe   0x08002bfe   0x00000002   PAD
    0x08002c00   0x08002c00   0x00000110   Code   RO          946    i.HAL_TIM_PWM_Start  stm32h7xx_hal_tim.o
    0x08002d10   0x08002d10   0x0000004c   Code   RO         4807    i.HAL_TIM_PeriodElapsedCallback  motor_1.o
    0x08002d5c   0x08002d5c   0x00000002   Code   RO          957    i.HAL_TIM_TriggerCallback  stm32h7xx_hal_tim.o
    0x08002d5e   0x08002d5e   0x00000040   Code   RO         4518    i.HAL_UARTEx_DisableFifoMode  stm32h7xx_hal_uart_ex.o
    0x08002d9e   0x08002d9e   0x00000002   Code   RO         4107    i.HAL_UARTEx_RxEventCallback  stm32h7xx_hal_uart.o
    0x08002da0   0x08002da0   0x00000002   Code   RO         4525    i.HAL_UARTEx_RxFifoFullCallback  stm32h7xx_hal_uart_ex.o
    0x08002da2   0x08002da2   0x0000004c   Code   RO         4526    i.HAL_UARTEx_SetRxFifoThreshold  stm32h7xx_hal_uart_ex.o
    0x08002dee   0x08002dee   0x0000004c   Code   RO         4527    i.HAL_UARTEx_SetTxFifoThreshold  stm32h7xx_hal_uart_ex.o
    0x08002e3a   0x08002e3a   0x00000002   Code   RO         4529    i.HAL_UARTEx_TxFifoEmptyCallback  stm32h7xx_hal_uart_ex.o
    0x08002e3c   0x08002e3c   0x00000002   Code   RO         4530    i.HAL_UARTEx_WakeupCallback  stm32h7xx_hal_uart_ex.o
    0x08002e3e   0x08002e3e   0x00000002   Code   RO         4123    i.HAL_UART_ErrorCallback  stm32h7xx_hal_uart.o
    0x08002e40   0x08002e40   0x00000360   Code   RO         4126    i.HAL_UART_IRQHandler  stm32h7xx_hal_uart.o
    0x080031a0   0x080031a0   0x0000006a   Code   RO         4127    i.HAL_UART_Init     stm32h7xx_hal_uart.o
    0x0800320a   0x0800320a   0x00000002   PAD
    0x0800320c   0x0800320c   0x000001d0   Code   RO          347    i.HAL_UART_MspInit  usart.o
    0x080033dc   0x080033dc   0x00000054   Code   RO         4132    i.HAL_UART_Receive_IT  stm32h7xx_hal_uart.o
    0x08003430   0x08003430   0x000000bc   Code   RO          431    i.HAL_UART_RxCpltCallback  stm32h7xx_it.o
    0x080034ec   0x080034ec   0x00000002   Code   RO         4139    i.HAL_UART_TxCpltCallback  stm32h7xx_hal_uart.o
    0x080034ee   0x080034ee   0x00000002   Code   RO          432    i.HardFault_Handler  stm32h7xx_it.o
    0x080034f0   0x080034f0   0x0000000c   Code   RO          433    i.I2C1_EV_IRQHandler  stm32h7xx_it.o
    0x080034fc   0x080034fc   0x000000e0   Code   RO         4717    i.Incremental_PI_1  pid.o
    0x080035dc   0x080035dc   0x000000e0   Code   RO         4718    i.Incremental_PI_2  pid.o
    0x080036bc   0x080036bc   0x00000020   Code   RO         4808    i.MOTOR1_Frun       motor_1.o
    0x080036dc   0x080036dc   0x00000020   Code   RO         4809    i.MOTOR1_Rrun       motor_1.o
    0x080036fc   0x080036fc   0x00000020   Code   RO         4810    i.MOTOR2_Frun       motor_1.o
    0x0800371c   0x0800371c   0x00000020   Code   RO         4811    i.MOTOR2_Rrun       motor_1.o
    0x0800373c   0x0800373c   0x00000110   Code   RO          220    i.MX_GPIO_Init      gpio.o
    0x0800384c   0x0800384c   0x00000078   Code   RO          259    i.MX_TIM2_Init      tim.o
    0x080038c4   0x080038c4   0x00000070   Code   RO          260    i.MX_TIM3_Init      tim.o
    0x08003934   0x08003934   0x00000098   Code   RO          261    i.MX_TIM5_Init      tim.o
    0x080039cc   0x080039cc   0x0000005c   Code   RO          262    i.MX_TIM7_Init      tim.o
    0x08003a28   0x08003a28   0x00000070   Code   RO          348    i.MX_USART1_UART_Init  usart.o
    0x08003a98   0x08003a98   0x00000078   Code   RO          349    i.MX_USART2_UART_Init  usart.o
    0x08003b10   0x08003b10   0x00000078   Code   RO          350    i.MX_USART3_UART_Init  usart.o
    0x08003b88   0x08003b88   0x00000002   Code   RO          434    i.MemManage_Handler  stm32h7xx_it.o
    0x08003b8a   0x08003b8a   0x00000002   Code   RO          435    i.NMI_Handler       stm32h7xx_it.o
    0x08003b8c   0x08003b8c   0x00000058   Code   RO         4720    i.PID_PARA_Init     pid.o
    0x08003be4   0x08003be4   0x00000018   Code   RO         4879    i.PS2_ClearData     ps2.o
    0x08003bfc   0x08003bfc   0x000000a4   Code   RO         4880    i.PS2_Cmd           ps2.o
    0x08003ca0   0x08003ca0   0x000000cc   Code   RO         4884    i.PS2_ReadData      ps2.o
    0x08003d6c   0x08003d6c   0x00000094   Code   RO         4885    i.PS2_Receive       ps2.o
    0x08003e00   0x08003e00   0x00000002   Code   RO          436    i.PendSV_Handler    stm32h7xx_it.o
    0x08003e02   0x08003e02   0x00000002   PAD
    0x08003e04   0x08003e04   0x00000120   Code   RO         1999    i.RCCEx_PLL2_Config  stm32h7xx_hal_rcc_ex.o
    0x08003f24   0x08003f24   0x00000120   Code   RO         2000    i.RCCEx_PLL3_Config  stm32h7xx_hal_rcc_ex.o
    0x08004044   0x08004044   0x00000028   Code   RO         4812    i.Read_Encoder_M1   motor_1.o
    0x0800406c   0x0800406c   0x00000028   Code   RO         4813    i.Read_Encoder_M2   motor_1.o
    0x08004094   0x08004094   0x00000002   Code   RO          437    i.SVC_Handler       stm32h7xx_it.o
    0x08004096   0x08004096   0x00000002   PAD
    0x08004098   0x08004098   0x00000040   Code   RO         4814    i.Set_PWM_Wheel     motor_1.o
    0x080040d8   0x080040d8   0x00000004   Code   RO          438    i.SysTick_Handler   stm32h7xx_it.o
    0x080040dc   0x080040dc   0x000000b0   Code   RO           14    i.SystemClock_Config  main.o
    0x0800418c   0x0800418c   0x000000dc   Code   RO         4631    i.SystemInit        system_stm32h7xx.o
    0x08004268   0x08004268   0x0000000c   Code   RO          439    i.TIM7_IRQHandler   stm32h7xx_it.o
    0x08004274   0x08004274   0x000000c4   Code   RO          959    i.TIM_Base_SetConfig  stm32h7xx_hal_tim.o
    0x08004338   0x08004338   0x0000001a   Code   RO          960    i.TIM_CCxChannelCmd  stm32h7xx_hal_tim.o
    0x08004352   0x08004352   0x00000002   PAD
    0x08004354   0x08004354   0x000000a8   Code   RO          972    i.TIM_OC1_SetConfig  stm32h7xx_hal_tim.o
    0x080043fc   0x080043fc   0x00000098   Code   RO          973    i.TIM_OC2_SetConfig  stm32h7xx_hal_tim.o
    0x08004494   0x08004494   0x00000098   Code   RO          974    i.TIM_OC3_SetConfig  stm32h7xx_hal_tim.o
    0x0800452c   0x0800452c   0x00000078   Code   RO          975    i.TIM_OC4_SetConfig  stm32h7xx_hal_tim.o
    0x080045a4   0x080045a4   0x00000074   Code   RO          976    i.TIM_OC5_SetConfig  stm32h7xx_hal_tim.o
    0x08004618   0x08004618   0x00000074   Code   RO          977    i.TIM_OC6_SetConfig  stm32h7xx_hal_tim.o
    0x0800468c   0x0800468c   0x00000044   Code   RO         4531    i.UARTEx_SetNbDataToProcess  stm32h7xx_hal_uart_ex.o
    0x080046d0   0x080046d0   0x000000c8   Code   RO         4141    i.UART_AdvFeatureConfig  stm32h7xx_hal_uart.o
    0x08004798   0x08004798   0x00000060   Code   RO         4142    i.UART_CheckIdleState  stm32h7xx_hal_uart.o
    0x080047f8   0x080047f8   0x00000014   Code   RO         4143    i.UART_DMAAbortOnError  stm32h7xx_hal_uart.o
    0x0800480c   0x0800480c   0x00000054   Code   RO         4153    i.UART_EndRxTransfer  stm32h7xx_hal_uart.o
    0x08004860   0x08004860   0x000000a2   Code   RO         4155    i.UART_RxISR_16BIT  stm32h7xx_hal_uart.o
    0x08004902   0x08004902   0x00000002   PAD
    0x08004904   0x08004904   0x00000174   Code   RO         4156    i.UART_RxISR_16BIT_FIFOEN  stm32h7xx_hal_uart.o
    0x08004a78   0x08004a78   0x000000a2   Code   RO         4157    i.UART_RxISR_8BIT   stm32h7xx_hal_uart.o
    0x08004b1a   0x08004b1a   0x00000002   PAD
    0x08004b1c   0x08004b1c   0x00000174   Code   RO         4158    i.UART_RxISR_8BIT_FIFOEN  stm32h7xx_hal_uart.o
    0x08004c90   0x08004c90   0x000003ac   Code   RO         4159    i.UART_SetConfig    stm32h7xx_hal_uart.o
    0x0800503c   0x0800503c   0x00000118   Code   RO         4161    i.UART_Start_Receive_IT  stm32h7xx_hal_uart.o
    0x08005154   0x08005154   0x000000ca   Code   RO         4166    i.UART_WaitOnFlagUntilTimeout  stm32h7xx_hal_uart.o
    0x0800521e   0x0800521e   0x00000002   PAD
    0x08005220   0x08005220   0x0000000c   Code   RO          440    i.USART1_IRQHandler  stm32h7xx_it.o
    0x0800522c   0x0800522c   0x0000000c   Code   RO          441    i.USART2_IRQHandler  stm32h7xx_it.o
    0x08005238   0x08005238   0x0000000c   Code   RO          442    i.USART3_IRQHandler  stm32h7xx_it.o
    0x08005244   0x08005244   0x00000002   Code   RO          443    i.UsageFault_Handler  stm32h7xx_it.o
    0x08005246   0x08005246   0x00000022   Code   RO          742    i.__NVIC_SetPriority  stm32h7xx_hal_cortex.o
    0x08005268   0x08005268   0x00000014   Code   RO         4668    i.delay_init        delay.o
    0x0800527c   0x0800527c   0x00000036   Code   RO         4669    i.delay_ms          delay.o
    0x080052b2   0x080052b2   0x00000002   PAD
    0x080052b4   0x080052b4   0x00000034   Code   RO         4670    i.delay_us          delay.o
    0x080052e8   0x080052e8   0x0000003e   Code   RO           15    i.main              main.o
    0x08005326   0x08005326   0x0000000a   Code   RO         5322    x$fpl$fpinit        fz_wv.l(fpinit.o)
    0x08005330   0x08005330   0x00000018   Data   RO         4167    .constdata          stm32h7xx_hal_uart.o
    0x08005348   0x08005348   0x00000010   Data   RO         4532    .constdata          stm32h7xx_hal_uart_ex.o
    0x08005358   0x08005358   0x00000010   Data   RO         4632    .constdata          system_stm32h7xx.o
    0x08005368   0x08005368   0x00000020   Data   RO         5380    Region$$Table       anon$$obj.o


    Execution Region RW_IRAM1 (Exec base: 0x20000000, Load base: 0x08005388, Size: 0x00000000, Max: 0x00020000, ABSOLUTE)

    **** No section assigned to this execution region ****


    Execution Region RW_IRAM2 (Exec base: 0x24000000, Load base: 0x08005388, Size: 0x00000c60, Max: 0x00080000, ABSOLUTE)

    Exec Addr    Load Addr    Size         Type   Attr      Idx    E Section Name        Object

    0x24000000   0x08005388   0x0000000c   Data   RW         3246    .data               stm32h7xx_hal.o
    0x2400000c   0x08005394   0x00000008   Data   RW         4633    .data               system_stm32h7xx.o
    0x24000014   0x0800539c   0x00000004   Data   RW         4671    .data               delay.o
    0x24000018   0x080053a0   0x00000020   Data   RW         4816    .data               motor_1.o
    0x24000038   0x080053c0   0x00000028   Data   RW         4893    .data               ps2.o
    0x24000060   0x080053e8   0x0000001e   Data   RW         5127    .data               hwt101.o
    0x2400007e   0x08005406   0x00000002   PAD
    0x24000080        -       0x00000130   Zero   RW          263    .bss                tim.o
    0x240001b0        -       0x00000300   Zero   RW          355    .bss                usart.o
    0x240004b0        -       0x0000004c   Zero   RW          680    .bss                i2c.o
    0x240004fc        -       0x000000e0   Zero   RW         4725    .bss                pid.o
    0x240005dc        -       0x0000001e   Zero   RW         4892    .bss                ps2.o
    0x240005fa   0x08005406   0x00000002   PAD
    0x240005fc        -       0x00000060   Zero   RW         5238    .bss                c_w.l(libspace.o)
    0x2400065c   0x08005406   0x00000004   PAD
    0x24000660        -       0x00000200   Zero   RW            2    HEAP                startup_stm32h750xx.o
    0x24000860        -       0x00000400   Zero   RW            1    STACK               startup_stm32h750xx.o


==============================================================================

Image component sizes


      Code (inc. data)   RO Data    RW Data    ZI Data      Debug   Object Name

       126         10          0          4          0       1879   delay.o
       272         16          0          0          0       1599   gpio.o
        96          8          0         30          0       3426   hwt101.o
         0          0          0          0         76        188   i2c.o
       242         10          0          0          0    1303468   main.o
       348         54          0         32          0       4996   motor_1.o
       536        112          0          0        224       3229   pid.o
       540         32          0         40         30       4879   ps2.o
        64         26        664          0       1536        836   startup_stm32h750xx.o
       196         40          0         12          0      22732   stm32h7xx_hal.o
       222         12          0          0          0      40161   stm32h7xx_hal_cortex.o
      1508         70          0          0          0       3891   stm32h7xx_hal_dma.o
       576         50          0          0          0       2943   stm32h7xx_hal_gpio.o
        16          0          0          0          0       2880   stm32h7xx_hal_i2c.o
        28          6          0          0          0        914   stm32h7xx_hal_msp.o
        84          6          0          0          0        781   stm32h7xx_hal_pwr_ex.o
      2384        108          0          0          0       7088   stm32h7xx_hal_rcc.o
      3518        112          0          0          0       7837   stm32h7xx_hal_rcc_ex.o
      2670        266          0          0          0      16683   stm32h7xx_hal_tim.o
       170         30          0          0          0       3160   stm32h7xx_hal_tim_ex.o
      3950        176         24          0          0      35850   stm32h7xx_hal_uart.o
       290          6         16          0          0       5446   stm32h7xx_hal_uart_ex.o
       268         74          0          0          0       7491   stm32h7xx_it.o
       220         40         16          8          0       1466   system_stm32h7xx.o
       856         82          0          0        304       5815   tim.o
       816         72          0          0        768       4439   usart.o

    ----------------------------------------------------------------------
     20024       1418        752        128       2940    1494077   Object Totals
         0          0         32          0          0          0   (incl. Generated)
        28          0          0          2          2          0   (incl. Padding)

    ----------------------------------------------------------------------

      Code (inc. data)   RO Data    RW Data    ZI Data      Debug   Library Member Name

         8          0          0          0          0         68   __main.o
         0          0          0          0          0          0   __rtentry.o
        12          0          0          0          0          0   __rtentry2.o
         6          0          0          0          0          0   __rtentry4.o
        52          8          0          0          0          0   __scatter.o
        26          0          0          0          0          0   __scatter_copy.o
        28          0          0          0          0          0   __scatter_zi.o
        18          0          0          0          0         80   exit.o
         6          0          0          0          0        152   heapauxi.o
         0          0          0          0          0          0   indicate_semi.o
         2          0          0          0          0          0   libinit.o
         6          0          0          0          0          0   libinit2.o
         2          0          0          0          0          0   libshutdown.o
         2          0          0          0          0          0   libshutdown2.o
         8          4          0          0         96         68   libspace.o
       238          0          0          0          0        100   lludivv7m.o
        78          0          0          0          0         80   rt_memclr_w.o
         2          0          0          0          0          0   rtexit.o
        10          0          0          0          0          0   rtexit2.o
        12          4          0          0          0         68   sys_exit.o
        74          0          0          0          0         80   sys_stackheap_outer.o
         2          0          0          0          0         68   use_no_semi.o
        10          0          0          0          0        116   fpinit.o

    ----------------------------------------------------------------------
       608         16          0          0        100        880   Library Totals
         6          0          0          0          4          0   (incl. Padding)

    ----------------------------------------------------------------------

      Code (inc. data)   RO Data    RW Data    ZI Data      Debug   Library Name

       592         16          0          0         96        764   c_w.l
        10          0          0          0          0        116   fz_wv.l

    ----------------------------------------------------------------------
       608         16          0          0        100        880   Library Totals

    ----------------------------------------------------------------------

==============================================================================


      Code (inc. data)   RO Data    RW Data    ZI Data      Debug   

     20632       1434        752        128       3040    1482797   Grand Totals
     20632       1434        752        128       3040    1482797   ELF Image Totals
     20632       1434        752        128          0          0   ROM Totals

==============================================================================

    Total RO  Size (Code + RO Data)                21384 (  20.88kB)
    Total RW  Size (RW Data + ZI Data)              3168 (   3.09kB)
    Total ROM Size (Code + RO Data + RW Data)      21512 (  21.01kB)

==============================================================================

